Archive member included to satisfy reference by file (symbol)

d:/apps/stm32cubeide_1.5.0/stm32cubeide/plugins/com.st.stm32cube.ide.mcu.externaltools.gnu-tools-for-stm32.7-2018-q2-update.win32_1.5.0.202011040924/tools/bin/../lib/gcc/arm-none-eabi/7.3.1/../../../../arm-none-eabi/lib/thumb/v7e-m/fpv4-sp/hard\libc_nano.a(lib_a-errno.o)
                              Core/Src/syscalls.o (__errno)
d:/apps/stm32cubeide_1.5.0/stm32cubeide/plugins/com.st.stm32cube.ide.mcu.externaltools.gnu-tools-for-stm32.7-2018-q2-update.win32_1.5.0.202011040924/tools/bin/../lib/gcc/arm-none-eabi/7.3.1/../../../../arm-none-eabi/lib/thumb/v7e-m/fpv4-sp/hard\libc_nano.a(lib_a-exit.o)
                              d:/apps/stm32cubeide_1.5.0/stm32cubeide/plugins/com.st.stm32cube.ide.mcu.externaltools.gnu-tools-for-stm32.7-2018-q2-update.win32_1.5.0.202011040924/tools/bin/../lib/gcc/arm-none-eabi/7.3.1/../../../../arm-none-eabi/lib/thumb/v7e-m/fpv4-sp/hard/crt0.o (exit)
d:/apps/stm32cubeide_1.5.0/stm32cubeide/plugins/com.st.stm32cube.ide.mcu.externaltools.gnu-tools-for-stm32.7-2018-q2-update.win32_1.5.0.202011040924/tools/bin/../lib/gcc/arm-none-eabi/7.3.1/../../../../arm-none-eabi/lib/thumb/v7e-m/fpv4-sp/hard\libc_nano.a(lib_a-impure.o)
                              d:/apps/stm32cubeide_1.5.0/stm32cubeide/plugins/com.st.stm32cube.ide.mcu.externaltools.gnu-tools-for-stm32.7-2018-q2-update.win32_1.5.0.202011040924/tools/bin/../lib/gcc/arm-none-eabi/7.3.1/../../../../arm-none-eabi/lib/thumb/v7e-m/fpv4-sp/hard\libc_nano.a(lib_a-exit.o) (_global_impure_ptr)
d:/apps/stm32cubeide_1.5.0/stm32cubeide/plugins/com.st.stm32cube.ide.mcu.externaltools.gnu-tools-for-stm32.7-2018-q2-update.win32_1.5.0.202011040924/tools/bin/../lib/gcc/arm-none-eabi/7.3.1/../../../../arm-none-eabi/lib/thumb/v7e-m/fpv4-sp/hard\libc_nano.a(lib_a-init.o)
                              d:/apps/stm32cubeide_1.5.0/stm32cubeide/plugins/com.st.stm32cube.ide.mcu.externaltools.gnu-tools-for-stm32.7-2018-q2-update.win32_1.5.0.202011040924/tools/bin/../lib/gcc/arm-none-eabi/7.3.1/../../../../arm-none-eabi/lib/thumb/v7e-m/fpv4-sp/hard/crt0.o (__libc_init_array)
d:/apps/stm32cubeide_1.5.0/stm32cubeide/plugins/com.st.stm32cube.ide.mcu.externaltools.gnu-tools-for-stm32.7-2018-q2-update.win32_1.5.0.202011040924/tools/bin/../lib/gcc/arm-none-eabi/7.3.1/../../../../arm-none-eabi/lib/thumb/v7e-m/fpv4-sp/hard\libc_nano.a(lib_a-malloc.o)
                              Middlewares/ST/STM32_USB_Host_Library/Class/CDC/Src/usbh_cdc.o (malloc)
d:/apps/stm32cubeide_1.5.0/stm32cubeide/plugins/com.st.stm32cube.ide.mcu.externaltools.gnu-tools-for-stm32.7-2018-q2-update.win32_1.5.0.202011040924/tools/bin/../lib/gcc/arm-none-eabi/7.3.1/../../../../arm-none-eabi/lib/thumb/v7e-m/fpv4-sp/hard\libc_nano.a(lib_a-memset.o)
                              d:/apps/stm32cubeide_1.5.0/stm32cubeide/plugins/com.st.stm32cube.ide.mcu.externaltools.gnu-tools-for-stm32.7-2018-q2-update.win32_1.5.0.202011040924/tools/bin/../lib/gcc/arm-none-eabi/7.3.1/../../../../arm-none-eabi/lib/thumb/v7e-m/fpv4-sp/hard/crt0.o (memset)
d:/apps/stm32cubeide_1.5.0/stm32cubeide/plugins/com.st.stm32cube.ide.mcu.externaltools.gnu-tools-for-stm32.7-2018-q2-update.win32_1.5.0.202011040924/tools/bin/../lib/gcc/arm-none-eabi/7.3.1/../../../../arm-none-eabi/lib/thumb/v7e-m/fpv4-sp/hard\libc_nano.a(lib_a-nano-freer.o)
                              d:/apps/stm32cubeide_1.5.0/stm32cubeide/plugins/com.st.stm32cube.ide.mcu.externaltools.gnu-tools-for-stm32.7-2018-q2-update.win32_1.5.0.202011040924/tools/bin/../lib/gcc/arm-none-eabi/7.3.1/../../../../arm-none-eabi/lib/thumb/v7e-m/fpv4-sp/hard\libc_nano.a(lib_a-malloc.o) (_free_r)
d:/apps/stm32cubeide_1.5.0/stm32cubeide/plugins/com.st.stm32cube.ide.mcu.externaltools.gnu-tools-for-stm32.7-2018-q2-update.win32_1.5.0.202011040924/tools/bin/../lib/gcc/arm-none-eabi/7.3.1/../../../../arm-none-eabi/lib/thumb/v7e-m/fpv4-sp/hard\libc_nano.a(lib_a-nano-mallocr.o)
                              d:/apps/stm32cubeide_1.5.0/stm32cubeide/plugins/com.st.stm32cube.ide.mcu.externaltools.gnu-tools-for-stm32.7-2018-q2-update.win32_1.5.0.202011040924/tools/bin/../lib/gcc/arm-none-eabi/7.3.1/../../../../arm-none-eabi/lib/thumb/v7e-m/fpv4-sp/hard\libc_nano.a(lib_a-malloc.o) (_malloc_r)
d:/apps/stm32cubeide_1.5.0/stm32cubeide/plugins/com.st.stm32cube.ide.mcu.externaltools.gnu-tools-for-stm32.7-2018-q2-update.win32_1.5.0.202011040924/tools/bin/../lib/gcc/arm-none-eabi/7.3.1/../../../../arm-none-eabi/lib/thumb/v7e-m/fpv4-sp/hard\libc_nano.a(lib_a-sbrkr.o)
                              d:/apps/stm32cubeide_1.5.0/stm32cubeide/plugins/com.st.stm32cube.ide.mcu.externaltools.gnu-tools-for-stm32.7-2018-q2-update.win32_1.5.0.202011040924/tools/bin/../lib/gcc/arm-none-eabi/7.3.1/../../../../arm-none-eabi/lib/thumb/v7e-m/fpv4-sp/hard\libc_nano.a(lib_a-nano-mallocr.o) (_sbrk_r)
[...]
Memory Configuration

Name             Origin             Length             Attributes
RAM              0x0000000020000000 0x0000000000020000 xrw
FLASH            0x0000000008000000 0x0000000000080000 xr
*default*        0x0000000000000000 0xffffffffffffffff

Linker script and memory map

LOAD d:/apps/stm32cubeide_1.5.0/stm32cubeide/plugins/com.st.stm32cube.ide.mcu.externaltools.gnu-tools-for-stm32.7-2018-q2-update.win32_1.5.0.202011040924/tools/bin/../lib/gcc/arm-none-eabi/7.3.1/thumb/v7e-m/fpv4-sp/hard/crti.o
LOAD d:/apps/stm32cubeide_1.5.0/stm32cubeide/plugins/com.st.stm32cube.ide.mcu.externaltools.gnu-tools-for-stm32.7-2018-q2-update.win32_1.5.0.202011040924/tools/bin/../lib/gcc/arm-none-eabi/7.3.1/thumb/v7e-m/fpv4-sp/hard/crtbegin.o
LOAD d:/apps/stm32cubeide_1.5.0/stm32cubeide/plugins/com.st.stm32cube.ide.mcu.externaltools.gnu-tools-for-stm32.7-2018-q2-update.win32_1.5.0.202011040924/tools/bin/../lib/gcc/arm-none-eabi/7.3.1/../../../../arm-none-eabi/lib/thumb/v7e-m/fpv4-sp/hard/crt0.o
LOAD Core/Src/main.o
LOAD Core/Src/stm32f4xx_hal_msp.o
LOAD Core/Src/stm32f4xx_it.o
LOAD Core/Src/syscalls.o
LOAD Core/Src/sysmem.o
LOAD Core/Src/system_stm32f4xx.o
LOAD Core/Startup/startup_stm32f411vetx.o
LOAD Drivers/STM32F4xx_HAL_Driver/Src/stm32f4xx_hal.o
LOAD Drivers/STM32F4xx_HAL_Driver/Src/stm32f4xx_hal_cortex.o
LOAD Drivers/STM32F4xx_HAL_Driver/Src/stm32f4xx_hal_dma.o
LOAD Drivers/STM32F4xx_HAL_Driver/Src/stm32f4xx_hal_dma_ex.o
LOAD Drivers/STM32F4xx_HAL_Driver/Src/stm32f4xx_hal_exti.o
LOAD Drivers/STM32F4xx_HAL_Driver/Src/stm32f4xx_hal_flash.o
LOAD Drivers/STM32F4xx_HAL_Driver/Src/stm32f4xx_hal_flash_ex.o
LOAD Drivers/STM32F4xx_HAL_Driver/Src/stm32f4xx_hal_flash_ramfunc.o
LOAD Drivers/STM32F4xx_HAL_Driver/Src/stm32f4xx_hal_gpio.o
LOAD Drivers/STM32F4xx_HAL_Driver/Src/stm32f4xx_hal_hcd.o
LOAD Drivers/STM32F4xx_HAL_Driver/Src/stm32f4xx_hal_i2c.o
LOAD Drivers/STM32F4xx_HAL_Driver/Src/stm32f4xx_hal_i2c_ex.o
LOAD Drivers/STM32F4xx_HAL_Driver/Src/stm32f4xx_hal_i2s.o
LOAD Drivers/STM32F4xx_HAL_Driver/Src/stm32f4xx_hal_i2s_ex.o
LOAD Drivers/STM32F4xx_HAL_Driver/Src/stm32f4xx_hal_pwr.o
LOAD Drivers/STM32F4xx_HAL_Driver/Src/stm32f4xx_hal_pwr_ex.o
LOAD Drivers/STM32F4xx_HAL_Driver/Src/stm32f4xx_hal_rcc.o
LOAD Drivers/STM32F4xx_HAL_Driver/Src/stm32f4xx_hal_rcc_ex.o
LOAD Drivers/STM32F4xx_HAL_Driver/Src/stm32f4xx_hal_spi.o
LOAD Drivers/STM32F4xx_HAL_Driver/Src/stm32f4xx_hal_tim.o
LOAD Drivers/STM32F4xx_HAL_Driver/Src/stm32f4xx_hal_tim_ex.o
LOAD Drivers/STM32F4xx_HAL_Driver/Src/stm32f4xx_ll_usb.o
LOAD Middlewares/ST/STM32_USB_Host_Library/Class/CDC/Src/usbh_cdc.o
LOAD Middlewares/ST/STM32_USB_Host_Library/Core/Src/usbh_core.o
LOAD Middlewares/ST/STM32_USB_Host_Library/Core/Src/usbh_ctlreq.o
LOAD Middlewares/ST/STM32_USB_Host_Library/Core/Src/usbh_ioreq.o
LOAD Middlewares/ST/STM32_USB_Host_Library/Core/Src/usbh_pipes.o
LOAD USB_HOST/App/usb_host.o
LOAD USB_HOST/Target/usbh_conf.o
LOAD USB_HOST/Target/usbh_platform.o
START GROUP
LOAD d:/apps/stm32cubeide_1.5.0/stm32cubeide/plugins/com.st.stm32cube.ide.mcu.externaltools.gnu-tools-for-stm32.7-2018-q2-update.win32_1.5.0.202011040924/tools/bin/../lib/gcc/arm-none-eabi/7.3.1/../../../../arm-none-eabi/lib/thumb/v7e-m/fpv4-sp/hard\libc_nano.a
LOAD d:/apps/stm32cubeide_1.5.0/stm32cubeide/plugins/com.st.stm32cube.ide.mcu.externaltools.gnu-tools-for-stm32.7-2018-q2-update.win32_1.5.0.202011040924/tools/bin/../lib/gcc/arm-none-eabi/7.3.1/../../../../arm-none-eabi/lib/thumb/v7e-m/fpv4-sp/hard\libm.a
END GROUP
START GROUP
LOAD d:/apps/stm32cubeide_1.5.0/stm32cubeide/plugins/com.st.stm32cube.ide.mcu.externaltools.gnu-tools-for-stm32.7-2018-q2-update.win32_1.5.0.202011040924/tools/bin/../lib/gcc/arm-none-eabi/7.3.1/thumb/v7e-m/fpv4-sp/hard\libgcc.a
LOAD d:/apps/stm32cubeide_1.5.0/stm32cubeide/plugins/com.st.stm32cube.ide.mcu.externaltools.gnu-tools-for-stm32.7-2018-q2-update.win32_1.5.0.202011040924/tools/bin/../lib/gcc/arm-none-eabi/7.3.1/../../../../arm-none-eabi/lib/thumb/v7e-m/fpv4-sp/hard\libc_nano.a
END GROUP
START GROUP
LOAD d:/apps/stm32cubeide_1.5.0/stm32cubeide/plugins/com.st.stm32cube.ide.mcu.externaltools.gnu-tools-for-stm32.7-2018-q2-update.win32_1.5.0.202011040924/tools/bin/../lib/gcc/arm-none-eabi/7.3.1/thumb/v7e-m/fpv4-sp/hard\libgcc.a
LOAD d:/apps/stm32cubeide_1.5.0/stm32cubeide/plugins/com.st.stm32cube.ide.mcu.externaltools.gnu-tools-for-stm32.7-2018-q2-update.win32_1.5.0.202011040924/tools/bin/../lib/gcc/arm-none-eabi/7.3.1/../../../../arm-none-eabi/lib/thumb/v7e-m/fpv4-sp/hard\libc_nano.a
LOAD d:/apps/stm32cubeide_1.5.0/stm32cubeide/plugins/com.st.stm32cube.ide.mcu.externaltools.gnu-tools-for-stm32.7-2018-q2-update.win32_1.5.0.202011040924/tools/bin/../lib/gcc/arm-none-eabi/7.3.1/../../../../arm-none-eabi/lib/thumb/v7e-m/fpv4-sp/hard\libnosys.a
END GROUP
START GROUP
LOAD d:/apps/stm32cubeide_1.5.0/stm32cubeide/plugins/com.st.stm32cube.ide.mcu.externaltools.gnu-tools-for-stm32.7-2018-q2-update.win32_1.5.0.202011040924/tools/bin/../lib/gcc/arm-none-eabi/7.3.1/thumb/v7e-m/fpv4-sp/hard\libgcc.a
LOAD d:/apps/stm32cubeide_1.5.0/stm32cubeide/plugins/com.st.stm32cube.ide.mcu.externaltools.gnu-tools-for-stm32.7-2018-q2-update.win32_1.5.0.202011040924/tools/bin/../lib/gcc/arm-none-eabi/7.3.1/../../../../arm-none-eabi/lib/thumb/v7e-m/fpv4-sp/hard\libc_nano.a
LOAD d:/apps/stm32cubeide_1.5.0/stm32cubeide/plugins/com.st.stm32cube.ide.mcu.externaltools.gnu-tools-for-stm32.7-2018-q2-update.win32_1.5.0.202011040924/tools/bin/../lib/gcc/arm-none-eabi/7.3.1/../../../../arm-none-eabi/lib/thumb/v7e-m/fpv4-sp/hard\libnosys.a
END GROUP
LOAD d:/apps/stm32cubeide_1.5.0/stm32cubeide/plugins/com.st.stm32cube.ide.mcu.externaltools.gnu-tools-for-stm32.7-2018-q2-update.win32_1.5.0.202011040924/tools/bin/../lib/gcc/arm-none-eabi/7.3.1/thumb/v7e-m/fpv4-sp/hard/crtend.o
LOAD d:/apps/stm32cubeide_1.5.0/stm32cubeide/plugins/com.st.stm32cube.ide.mcu.externaltools.gnu-tools-for-stm32.7-2018-q2-update.win32_1.5.0.202011040924/tools/bin/../lib/gcc/arm-none-eabi/7.3.1/thumb/v7e-m/fpv4-sp/hard/crtn.o
                0x0000000020020000                _estack = (ORIGIN (RAM) + LENGTH (RAM))
                0x0000000000000200                _Min_Heap_Size = 0x200
                0x0000000000000400                _Min_Stack_Size = 0x400

.isr_vector     0x0000000008000000      0x198
                0x0000000008000000                . = ALIGN (0x4)
 *(.isr_vector)
 .isr_vector    0x0000000008000000      0x198 Core/Startup/startup_stm32f411vetx.o
                0x0000000008000000                g_pfnVectors
                0x0000000008000198                . = ALIGN (0x4)

.text           0x0000000008000198     0x87d0
                0x0000000008000198                . = ALIGN (0x4)
 *(.text)
 .text          0x0000000008000198       0x40 d:/apps/stm32cubeide_1.5.0/stm32cubeide/plugins/com.st.stm32cube.ide.mcu.externaltools.gnu-tools-for-stm32.7-2018-q2-update.win32_1.5.0.202011040924/tools/bin/../lib/gcc/arm-none-eabi/7.3.1/thumb/v7e-m/fpv4-sp/hard/crtbegin.o
 .text          0x00000000080001d8       0x30 d:/apps/stm32cubeide_1.5.0/stm32cubeide/plugins/com.st.stm32cube.ide.mcu.externaltools.gnu-tools-for-stm32.7-2018-q2-update.win32_1.5.0.202011040924/tools/bin/../lib/gcc/arm-none-eabi/7.3.1/thumb/v7e-m/fpv4-sp/hard\libgcc.a(_aeabi_uldivmod.o)
                0x00000000080001d8                __aeabi_uldivmod
 .text          0x0000000008000208      0x2cc d:/apps/stm32cubeide_1.5.0/stm32cubeide/plugins/com.st.stm32cube.ide.mcu.externaltools.gnu-tools-for-stm32.7-2018-q2-update.win32_1.5.0.202011040924/tools/bin/../lib/gcc/arm-none-eabi/7.3.1/thumb/v7e-m/fpv4-sp/hard\libgcc.a(_udivmoddi4.o)
                0x0000000008000208                __udivmoddi4
 .text          0x00000000080004d4        0x4 d:/apps/stm32cubeide_1.5.0/stm32cubeide/plugins/com.st.stm32cube.ide.mcu.externaltools.gnu-tools-for-stm32.7-2018-q2-update.win32_1.5.0.202011040924/tools/bin/../lib/gcc/arm-none-eabi/7.3.1/thumb/v7e-m/fpv4-sp/hard\libgcc.a(_dvmd_tls.o)
                0x00000000080004d4                __aeabi_idiv0
                0x00000000080004d4                __aeabi_ldiv0
 *(.text*)
 .text.HAL_TIM_PeriodElapsedCallback
                0x00000000080004d8       0x30 Core/Src/main.o
                0x00000000080004d8                HAL_TIM_PeriodElapsedCallback
 .text.TIM10_reinit
                0x0000000008000508       0x34 Core/Src/main.o
                0x0000000008000508                TIM10_reinit
 .text.get_tim10_us
                0x000000000800053c       0x54 Core/Src/main.o
                0x000000000800053c                get_tim10_us
 .text.main     0x0000000008000590       0x90 Core/Src/main.o
                0x0000000008000590                main
 .text.SystemClock_Config
                0x0000000008000620      0x108 Core/Src/main.o
                0x0000000008000620                SystemClock_Config
 .text.MX_I2C1_Init
                0x0000000008000728       0x5c Core/Src/main.o
 .text.MX_I2S2_Init
                0x0000000008000784       0x5c Core/Src/main.o
 .text.MX_I2S3_Init
                0x00000000080007e0       0x60 Core/Src/main.o
 .text.MX_SPI1_Init
                0x0000000008000840       0x6c Core/Src/main.o
 .text.MX_TIM3_Init
                0x00000000080008ac       0xb4 Core/Src/main.o
 .text.MX_TIM10_Init
                0x0000000008000960       0x9c Core/Src/main.o
 .text.MX_GPIO_Init
                0x00000000080009fc      0x1b4 Core/Src/main.o
 .text.Error_Handler
                0x0000000008000bb0        0x8 Core/Src/main.o
                0x0000000008000bb0                Error_Handler
 .text.HAL_MspInit
                0x0000000008000bb8       0x50 Core/Src/stm32f4xx_hal_msp.o
                0x0000000008000bb8                HAL_MspInit
 .text.HAL_I2C_MspInit
                0x0000000008000c08       0x90 Core/Src/stm32f4xx_hal_msp.o
                0x0000000008000c08                HAL_I2C_MspInit
 .text.HAL_I2S_MspInit
                0x0000000008000c98      0x19c Core/Src/stm32f4xx_hal_msp.o
                0x0000000008000c98                HAL_I2S_MspInit
 .text.HAL_SPI_MspInit
                0x0000000008000e34       0x90 Core/Src/stm32f4xx_hal_msp.o
                0x0000000008000e34                HAL_SPI_MspInit
 .text.HAL_TIM_PWM_MspInit
                0x0000000008000ec4       0x50 Core/Src/stm32f4xx_hal_msp.o
                0x0000000008000ec4                HAL_TIM_PWM_MspInit
 .text.HAL_TIM_Base_MspInit
                0x0000000008000f14       0x50 Core/Src/stm32f4xx_hal_msp.o
                0x0000000008000f14                HAL_TIM_Base_MspInit
 .text.HAL_TIM_MspPostInit
                0x0000000008000f64       0xc4 Core/Src/stm32f4xx_hal_msp.o
                0x0000000008000f64                HAL_TIM_MspPostInit
 .text.NMI_Handler
                0x0000000008001028        0x6 Core/Src/stm32f4xx_it.o
                0x0000000008001028                NMI_Handler
 .text.HardFault_Handler
                0x000000000800102e        0x6 Core/Src/stm32f4xx_it.o
                0x000000000800102e                HardFault_Handler
 .text.MemManage_Handler
                0x0000000008001034        0x6 Core/Src/stm32f4xx_it.o
                0x0000000008001034                MemManage_Handler
 .text.BusFault_Handler
                0x000000000800103a        0x6 Core/Src/stm32f4xx_it.o
                0x000000000800103a                BusFault_Handler
 .text.UsageFault_Handler
                0x0000000008001040        0x6 Core/Src/stm32f4xx_it.o
                0x0000000008001040                UsageFault_Handler
 .text.SVC_Handler
                0x0000000008001046        0xe Core/Src/stm32f4xx_it.o
                0x0000000008001046                SVC_Handler
 .text.DebugMon_Handler
                0x0000000008001054        0xe Core/Src/stm32f4xx_it.o
                0x0000000008001054                DebugMon_Handler
 .text.PendSV_Handler
                0x0000000008001062        0xe Core/Src/stm32f4xx_it.o
                0x0000000008001062                PendSV_Handler
 .text.SysTick_Handler
                0x0000000008001070        0xc Core/Src/stm32f4xx_it.o
                0x0000000008001070                SysTick_Handler
 .text.TIM1_UP_TIM10_IRQHandler
                0x000000000800107c       0x14 Core/Src/stm32f4xx_it.o
                0x000000000800107c                TIM1_UP_TIM10_IRQHandler
 .text.TIM3_IRQHandler
                0x0000000008001090       0x14 Core/Src/stm32f4xx_it.o
                0x0000000008001090                TIM3_IRQHandler
 .text.OTG_FS_IRQHandler
                0x00000000080010a4       0x14 Core/Src/stm32f4xx_it.o
                0x00000000080010a4                OTG_FS_IRQHandler
 .text._sbrk    0x00000000080010b8       0x6c Core/Src/sysmem.o
                0x00000000080010b8                _sbrk
 .text.SystemInit
                0x0000000008001124       0x2c Core/Src/system_stm32f4xx.o
                0x0000000008001124                SystemInit
 .text.Reset_Handler
                0x0000000008001150       0x50 Core/Startup/startup_stm32f411vetx.o
                0x0000000008001150                Reset_Handler
 .text.Default_Handler
                0x00000000080011a0        0x2 Core/Startup/startup_stm32f411vetx.o
                0x00000000080011a0                RTC_Alarm_IRQHandler
                0x00000000080011a0                EXTI2_IRQHandler
                0x00000000080011a0                SPI4_IRQHandler
                0x00000000080011a0                TIM1_CC_IRQHandler
                0x00000000080011a0                DMA2_Stream5_IRQHandler
                0x00000000080011a0                DMA1_Stream5_IRQHandler
                0x00000000080011a0                PVD_IRQHandler
                0x00000000080011a0                SDIO_IRQHandler
                0x00000000080011a0                TAMP_STAMP_IRQHandler
                0x00000000080011a0                EXTI3_IRQHandler
                0x00000000080011a0                I2C3_ER_IRQHandler
                0x00000000080011a0                EXTI0_IRQHandler
                0x00000000080011a0                I2C2_EV_IRQHandler
                0x00000000080011a0                DMA1_Stream2_IRQHandler
                0x00000000080011a0                FPU_IRQHandler
                0x00000000080011a0                DMA2_Stream2_IRQHandler
                0x00000000080011a0                SPI1_IRQHandler
                0x00000000080011a0                TIM1_BRK_TIM9_IRQHandler
                0x00000000080011a0                DMA2_Stream3_IRQHandler
                0x00000000080011a0                USART6_IRQHandler
                0x00000000080011a0                DMA2_Stream0_IRQHandler
                0x00000000080011a0                TIM4_IRQHandler
                0x00000000080011a0                I2C1_EV_IRQHandler
                0x00000000080011a0                DMA1_Stream6_IRQHandler
                0x00000000080011a0                DMA1_Stream1_IRQHandler
                0x00000000080011a0                RCC_IRQHandler
                0x00000000080011a0                Default_Handler
                0x00000000080011a0                EXTI15_10_IRQHandler
                0x00000000080011a0                ADC_IRQHandler
                0x00000000080011a0                DMA1_Stream7_IRQHandler
                0x00000000080011a0                SPI5_IRQHandler
                0x00000000080011a0                TIM5_IRQHandler
                0x00000000080011a0                DMA2_Stream7_IRQHandler
                0x00000000080011a0                I2C3_EV_IRQHandler
                0x00000000080011a0                EXTI9_5_IRQHandler
                0x00000000080011a0                RTC_WKUP_IRQHandler
                0x00000000080011a0                SPI2_IRQHandler
                0x00000000080011a0                DMA1_Stream0_IRQHandler
                0x00000000080011a0                EXTI4_IRQHandler
                0x00000000080011a0                WWDG_IRQHandler
                0x00000000080011a0                TIM2_IRQHandler
                0x00000000080011a0                OTG_FS_WKUP_IRQHandler
                0x00000000080011a0                TIM1_TRG_COM_TIM11_IRQHandler
                0x00000000080011a0                EXTI1_IRQHandler
                0x00000000080011a0                USART2_IRQHandler
                0x00000000080011a0                I2C2_ER_IRQHandler
                0x00000000080011a0                DMA2_Stream1_IRQHandler
                0x00000000080011a0                FLASH_IRQHandler
                0x00000000080011a0                DMA2_Stream4_IRQHandler
                0x00000000080011a0                USART1_IRQHandler
                0x00000000080011a0                SPI3_IRQHandler
                0x00000000080011a0                DMA1_Stream4_IRQHandler
                0x00000000080011a0                I2C1_ER_IRQHandler
                0x00000000080011a0                DMA2_Stream6_IRQHandler
                0x00000000080011a0                DMA1_Stream3_IRQHandler
 *fill*         0x00000000080011a2        0x2 
 .text.HAL_Init
                0x00000000080011a4       0x44 Drivers/STM32F4xx_HAL_Driver/Src/stm32f4xx_hal.o
                0x00000000080011a4                HAL_Init
 .text.HAL_InitTick
                0x00000000080011e8       0x60 Drivers/STM32F4xx_HAL_Driver/Src/stm32f4xx_hal.o
                0x00000000080011e8                HAL_InitTick
 .text.HAL_IncTick
                0x0000000008001248       0x28 Drivers/STM32F4xx_HAL_Driver/Src/stm32f4xx_hal.o
                0x0000000008001248                HAL_IncTick
 .text.HAL_GetTick
                0x0000000008001270       0x18 Drivers/STM32F4xx_HAL_Driver/Src/stm32f4xx_hal.o
                0x0000000008001270                HAL_GetTick
 .text.HAL_Delay
                0x0000000008001288       0x44 Drivers/STM32F4xx_HAL_Driver/Src/stm32f4xx_hal.o
                0x0000000008001288                HAL_Delay
 .text.__NVIC_SetPriorityGrouping
                0x00000000080012cc       0x48 Drivers/STM32F4xx_HAL_Driver/Src/stm32f4xx_hal_cortex.o
 .text.__NVIC_GetPriorityGrouping
                0x0000000008001314       0x1c Drivers/STM32F4xx_HAL_Driver/Src/stm32f4xx_hal_cortex.o
 .text.__NVIC_EnableIRQ
                0x0000000008001330       0x3c Drivers/STM32F4xx_HAL_Driver/Src/stm32f4xx_hal_cortex.o
 .text.__NVIC_SetPriority
                0x000000000800136c       0x54 Drivers/STM32F4xx_HAL_Driver/Src/stm32f4xx_hal_cortex.o
 .text.NVIC_EncodePriority
                0x00000000080013c0       0x66 Drivers/STM32F4xx_HAL_Driver/Src/stm32f4xx_hal_cortex.o
 *fill*         0x0000000008001426        0x2 
 .text.SysTick_Config
                0x0000000008001428       0x44 Drivers/STM32F4xx_HAL_Driver/Src/stm32f4xx_hal_cortex.o
 .text.HAL_NVIC_SetPriorityGrouping
                0x000000000800146c       0x16 Drivers/STM32F4xx_HAL_Driver/Src/stm32f4xx_hal_cortex.o
                0x000000000800146c                HAL_NVIC_SetPriorityGrouping
 .text.HAL_NVIC_SetPriority
                0x0000000008001482       0x38 Drivers/STM32F4xx_HAL_Driver/Src/stm32f4xx_hal_cortex.o
                0x0000000008001482                HAL_NVIC_SetPriority
 .text.HAL_NVIC_EnableIRQ
                0x00000000080014ba       0x1c Drivers/STM32F4xx_HAL_Driver/Src/stm32f4xx_hal_cortex.o
                0x00000000080014ba                HAL_NVIC_EnableIRQ
 .text.HAL_SYSTICK_Config
                0x00000000080014d6       0x18 Drivers/STM32F4xx_HAL_Driver/Src/stm32f4xx_hal_cortex.o
                0x00000000080014d6                HAL_SYSTICK_Config
 *fill*         0x00000000080014ee        0x2 
 .text.HAL_GPIO_Init
                0x00000000080014f0      0x304 Drivers/STM32F4xx_HAL_Driver/Src/stm32f4xx_hal_gpio.o
                0x00000000080014f0                HAL_GPIO_Init
 .text.HAL_GPIO_WritePin
                0x00000000080017f4       0x32 Drivers/STM32F4xx_HAL_Driver/Src/stm32f4xx_hal_gpio.o
                0x00000000080017f4                HAL_GPIO_WritePin
 .text.HAL_HCD_Init
                0x0000000008001826       0xc4 Drivers/STM32F4xx_HAL_Driver/Src/stm32f4xx_hal_hcd.o
                0x0000000008001826                HAL_HCD_Init
 .text.HAL_HCD_HC_Init
                0x00000000080018ea      0x130 Drivers/STM32F4xx_HAL_Driver/Src/stm32f4xx_hal_hcd.o
                0x00000000080018ea                HAL_HCD_HC_Init
 .text.HAL_HCD_HC_Halt
                0x0000000008001a1a       0x46 Drivers/STM32F4xx_HAL_Driver/Src/stm32f4xx_hal_hcd.o
                0x0000000008001a1a                HAL_HCD_HC_Halt
 .text.HAL_HCD_HC_SubmitRequest
                0x0000000008001a60      0x2e4 Drivers/STM32F4xx_HAL_Driver/Src/stm32f4xx_hal_hcd.o
                0x0000000008001a60                HAL_HCD_HC_SubmitRequest
 .text.HAL_HCD_IRQHandler
                0x0000000008001d44      0x208 Drivers/STM32F4xx_HAL_Driver/Src/stm32f4xx_hal_hcd.o
                0x0000000008001d44                HAL_HCD_IRQHandler
 .text.HAL_HCD_Start
                0x0000000008001f4c       0x46 Drivers/STM32F4xx_HAL_Driver/Src/stm32f4xx_hal_hcd.o
                0x0000000008001f4c                HAL_HCD_Start
 .text.HAL_HCD_Stop
                0x0000000008001f92       0x3a Drivers/STM32F4xx_HAL_Driver/Src/stm32f4xx_hal_hcd.o
                0x0000000008001f92                HAL_HCD_Stop
 .text.HAL_HCD_ResetPort
                0x0000000008001fcc       0x1c Drivers/STM32F4xx_HAL_Driver/Src/stm32f4xx_hal_hcd.o
                0x0000000008001fcc                HAL_HCD_ResetPort
 .text.HAL_HCD_HC_GetURBState
                0x0000000008001fe8       0x2a Drivers/STM32F4xx_HAL_Driver/Src/stm32f4xx_hal_hcd.o
                0x0000000008001fe8                HAL_HCD_HC_GetURBState
 .text.HAL_HCD_HC_GetXferCount
                0x0000000008002012       0x2a Drivers/STM32F4xx_HAL_Driver/Src/stm32f4xx_hal_hcd.o
                0x0000000008002012                HAL_HCD_HC_GetXferCount
 .text.HAL_HCD_GetCurrentFrame
                0x000000000800203c       0x1c Drivers/STM32F4xx_HAL_Driver/Src/stm32f4xx_hal_hcd.o
                0x000000000800203c                HAL_HCD_GetCurrentFrame
 .text.HAL_HCD_GetCurrentSpeed
                0x0000000008002058       0x1c Drivers/STM32F4xx_HAL_Driver/Src/stm32f4xx_hal_hcd.o
                0x0000000008002058                HAL_HCD_GetCurrentSpeed
 .text.HCD_HC_IN_IRQHandler
                0x0000000008002074      0x86a Drivers/STM32F4xx_HAL_Driver/Src/stm32f4xx_hal_hcd.o
 .text.HCD_HC_OUT_IRQHandler
                0x00000000080028de      0x6ea Drivers/STM32F4xx_HAL_Driver/Src/stm32f4xx_hal_hcd.o
 .text.HCD_RXQLVL_IRQHandler
                0x0000000008002fc8      0x158 Drivers/STM32F4xx_HAL_Driver/Src/stm32f4xx_hal_hcd.o
 .text.HCD_Port_IRQHandler
                0x0000000008003120       0xe6 Drivers/STM32F4xx_HAL_Driver/Src/stm32f4xx_hal_hcd.o
 *fill*         0x0000000008003206        0x2 
 .text.HAL_I2C_Init
                0x0000000008003208      0x270 Drivers/STM32F4xx_HAL_Driver/Src/stm32f4xx_hal_i2c.o
                0x0000000008003208                HAL_I2C_Init
 .text.HAL_I2S_Init
                0x0000000008003478      0x280 Drivers/STM32F4xx_HAL_Driver/Src/stm32f4xx_hal_i2s.o
                0x0000000008003478                HAL_I2S_Init
 .text.HAL_I2S_TxCpltCallback
                0x00000000080036f8       0x14 Drivers/STM32F4xx_HAL_Driver/Src/stm32f4xx_hal_i2s.o
                0x00000000080036f8                HAL_I2S_TxCpltCallback
 .text.HAL_I2S_RxCpltCallback
                0x000000000800370c       0x14 Drivers/STM32F4xx_HAL_Driver/Src/stm32f4xx_hal_i2s.o
                0x000000000800370c                HAL_I2S_RxCpltCallback
 .text.HAL_I2S_ErrorCallback
                0x0000000008003720       0x14 Drivers/STM32F4xx_HAL_Driver/Src/stm32f4xx_hal_i2s.o
                0x0000000008003720                HAL_I2S_ErrorCallback
 .text.I2S_Transmit_IT
                0x0000000008003734       0x5c Drivers/STM32F4xx_HAL_Driver/Src/stm32f4xx_hal_i2s.o
 .text.I2S_Receive_IT
                0x0000000008003790       0x5e Drivers/STM32F4xx_HAL_Driver/Src/stm32f4xx_hal_i2s.o
 .text.I2S_IRQHandler
                0x00000000080037ee      0x114 Drivers/STM32F4xx_HAL_Driver/Src/stm32f4xx_hal_i2s.o
 *fill*         0x0000000008003902        0x2 
 .text.HAL_I2SEx_FullDuplex_IRQHandler
                0x0000000008003904      0x2a8 Drivers/STM32F4xx_HAL_Driver/Src/stm32f4xx_hal_i2s_ex.o
                0x0000000008003904                HAL_I2SEx_FullDuplex_IRQHandler
 .text.HAL_I2SEx_TxRxCpltCallback
                0x0000000008003bac       0x14 Drivers/STM32F4xx_HAL_Driver/Src/stm32f4xx_hal_i2s_ex.o
                0x0000000008003bac                HAL_I2SEx_TxRxCpltCallback
 .text.I2SEx_TxISR_I2S
                0x0000000008003bc0       0x62 Drivers/STM32F4xx_HAL_Driver/Src/stm32f4xx_hal_i2s_ex.o
 *fill*         0x0000000008003c22        0x2 
 .text.I2SEx_TxISR_I2SExt
                0x0000000008003c24       0x98 Drivers/STM32F4xx_HAL_Driver/Src/stm32f4xx_hal_i2s_ex.o
 .text.I2SEx_RxISR_I2S
                0x0000000008003cbc       0x64 Drivers/STM32F4xx_HAL_Driver/Src/stm32f4xx_hal_i2s_ex.o
 .text.I2SEx_RxISR_I2SExt
                0x0000000008003d20       0x98 Drivers/STM32F4xx_HAL_Driver/Src/stm32f4xx_hal_i2s_ex.o
 .text.HAL_RCC_OscConfig
                0x0000000008003db8      0x4e0 Drivers/STM32F4xx_HAL_Driver/Src/stm32f4xx_hal_rcc.o
                0x0000000008003db8                HAL_RCC_OscConfig
 .text.HAL_RCC_ClockConfig
                0x0000000008004298      0x1cc Drivers/STM32F4xx_HAL_Driver/Src/stm32f4xx_hal_rcc.o
                0x0000000008004298                HAL_RCC_ClockConfig
 .text.HAL_RCC_GetSysClockFreq
                0x0000000008004464      0x1b0 Drivers/STM32F4xx_HAL_Driver/Src/stm32f4xx_hal_rcc.o
                0x0000000008004464                HAL_RCC_GetSysClockFreq
 .text.HAL_RCC_GetHCLKFreq
                0x0000000008004614       0x18 Drivers/STM32F4xx_HAL_Driver/Src/stm32f4xx_hal_rcc.o
                0x0000000008004614                HAL_RCC_GetHCLKFreq
 .text.HAL_RCC_GetPCLK1Freq
                0x000000000800462c       0x28 Drivers/STM32F4xx_HAL_Driver/Src/stm32f4xx_hal_rcc.o
                0x000000000800462c                HAL_RCC_GetPCLK1Freq
 .text.HAL_RCCEx_PeriphCLKConfig
                0x0000000008004654      0x1e0 Drivers/STM32F4xx_HAL_Driver/Src/stm32f4xx_hal_rcc_ex.o
                0x0000000008004654                HAL_RCCEx_PeriphCLKConfig
 .text.HAL_RCCEx_GetPeriphCLKFreq
                0x0000000008004834       0xbc Drivers/STM32F4xx_HAL_Driver/Src/stm32f4xx_hal_rcc_ex.o
                0x0000000008004834                HAL_RCCEx_GetPeriphCLKFreq
 .text.HAL_SPI_Init
                0x00000000080048f0       0xc8 Drivers/STM32F4xx_HAL_Driver/Src/stm32f4xx_hal_spi.o
                0x00000000080048f0                HAL_SPI_Init
 .text.HAL_TIM_Base_Init
                0x00000000080049b8       0x56 Drivers/STM32F4xx_HAL_Driver/Src/stm32f4xx_hal_tim.o
                0x00000000080049b8                HAL_TIM_Base_Init
 .text.HAL_TIM_Base_Stop
                0x0000000008004a0e       0x56 Drivers/STM32F4xx_HAL_Driver/Src/stm32f4xx_hal_tim.o
                0x0000000008004a0e                HAL_TIM_Base_Stop
 .text.HAL_TIM_Base_Start_IT
                0x0000000008004a64       0x48 Drivers/STM32F4xx_HAL_Driver/Src/stm32f4xx_hal_tim.o
                0x0000000008004a64                HAL_TIM_Base_Start_IT
 .text.HAL_TIM_PWM_Init
                0x0000000008004aac       0x56 Drivers/STM32F4xx_HAL_Driver/Src/stm32f4xx_hal_tim.o
                0x0000000008004aac                HAL_TIM_PWM_Init
 *fill*         0x0000000008004b02        0x2 
 .text.HAL_TIM_PWM_Start
                0x0000000008004b04       0x64 Drivers/STM32F4xx_HAL_Driver/Src/stm32f4xx_hal_tim.o
                0x0000000008004b04                HAL_TIM_PWM_Start
 .text.HAL_TIM_IRQHandler
                0x0000000008004b68      0x210 Drivers/STM32F4xx_HAL_Driver/Src/stm32f4xx_hal_tim.o
                0x0000000008004b68                HAL_TIM_IRQHandler
 .text.HAL_TIM_PWM_ConfigChannel
                0x0000000008004d78      0x18c Drivers/STM32F4xx_HAL_Driver/Src/stm32f4xx_hal_tim.o
                0x0000000008004d78                HAL_TIM_PWM_ConfigChannel
 .text.HAL_TIM_OC_DelayElapsedCallback
                0x0000000008004f04       0x14 Drivers/STM32F4xx_HAL_Driver/Src/stm32f4xx_hal_tim.o
                0x0000000008004f04                HAL_TIM_OC_DelayElapsedCallback
 .text.HAL_TIM_IC_CaptureCallback
                0x0000000008004f18       0x14 Drivers/STM32F4xx_HAL_Driver/Src/stm32f4xx_hal_tim.o
                0x0000000008004f18                HAL_TIM_IC_CaptureCallback
 .text.HAL_TIM_PWM_PulseFinishedCallback
                0x0000000008004f2c       0x14 Drivers/STM32F4xx_HAL_Driver/Src/stm32f4xx_hal_tim.o
                0x0000000008004f2c                HAL_TIM_PWM_PulseFinishedCallback
 .text.HAL_TIM_TriggerCallback
                0x0000000008004f40       0x14 Drivers/STM32F4xx_HAL_Driver/Src/stm32f4xx_hal_tim.o
                0x0000000008004f40                HAL_TIM_TriggerCallback
 .text.TIM_Base_SetConfig
                0x0000000008004f54      0x100 Drivers/STM32F4xx_HAL_Driver/Src/stm32f4xx_hal_tim.o
                0x0000000008004f54                TIM_Base_SetConfig
 .text.TIM_OC1_SetConfig
                0x0000000008005054       0xcc Drivers/STM32F4xx_HAL_Driver/Src/stm32f4xx_hal_tim.o
 .text.TIM_OC2_SetConfig
                0x0000000008005120       0xd8 Drivers/STM32F4xx_HAL_Driver/Src/stm32f4xx_hal_tim.o
                0x0000000008005120                TIM_OC2_SetConfig
 .text.TIM_OC3_SetConfig
                0x00000000080051f8       0xd4 Drivers/STM32F4xx_HAL_Driver/Src/stm32f4xx_hal_tim.o
 .text.TIM_OC4_SetConfig
                0x00000000080052cc       0xa0 Drivers/STM32F4xx_HAL_Driver/Src/stm32f4xx_hal_tim.o
 .text.TIM_CCxChannelCmd
                0x000000000800536c       0x4a Drivers/STM32F4xx_HAL_Driver/Src/stm32f4xx_hal_tim.o
                0x000000000800536c                TIM_CCxChannelCmd
 *fill*         0x00000000080053b6        0x2 
 .text.HAL_TIMEx_MasterConfigSynchronization
                0x00000000080053b8       0xdc Drivers/STM32F4xx_HAL_Driver/Src/stm32f4xx_hal_tim_ex.o
                0x00000000080053b8                HAL_TIMEx_MasterConfigSynchronization
 .text.HAL_TIMEx_CommutCallback
                0x0000000008005494       0x14 Drivers/STM32F4xx_HAL_Driver/Src/stm32f4xx_hal_tim_ex.o
                0x0000000008005494                HAL_TIMEx_CommutCallback
 .text.HAL_TIMEx_BreakCallback
                0x00000000080054a8       0x14 Drivers/STM32F4xx_HAL_Driver/Src/stm32f4xx_hal_tim_ex.o
                0x00000000080054a8                HAL_TIMEx_BreakCallback
 .text.USB_CoreInit
                0x00000000080054bc       0xc2 Drivers/STM32F4xx_HAL_Driver/Src/stm32f4xx_ll_usb.o
                0x00000000080054bc                USB_CoreInit
 .text.USB_EnableGlobalInt
                0x000000000800557e       0x22 Drivers/STM32F4xx_HAL_Driver/Src/stm32f4xx_ll_usb.o
                0x000000000800557e                USB_EnableGlobalInt
 .text.USB_DisableGlobalInt
                0x00000000080055a0       0x22 Drivers/STM32F4xx_HAL_Driver/Src/stm32f4xx_ll_usb.o
                0x00000000080055a0                USB_DisableGlobalInt
 .text.USB_SetCurrentMode
                0x00000000080055c2       0x54 Drivers/STM32F4xx_HAL_Driver/Src/stm32f4xx_ll_usb.o
                0x00000000080055c2                USB_SetCurrentMode
 *fill*         0x0000000008005616        0x2 
 .text.USB_FlushTxFifo
                0x0000000008005618       0x4c Drivers/STM32F4xx_HAL_Driver/Src/stm32f4xx_ll_usb.o
                0x0000000008005618                USB_FlushTxFifo
 .text.USB_FlushRxFifo
                0x0000000008005664       0x44 Drivers/STM32F4xx_HAL_Driver/Src/stm32f4xx_ll_usb.o
                0x0000000008005664                USB_FlushRxFifo
 .text.USB_WritePacket
                0x00000000080056a8       0x6a Drivers/STM32F4xx_HAL_Driver/Src/stm32f4xx_ll_usb.o
                0x00000000080056a8                USB_WritePacket
 .text.USB_ReadPacket
                0x0000000008005712       0x52 Drivers/STM32F4xx_HAL_Driver/Src/stm32f4xx_ll_usb.o
                0x0000000008005712                USB_ReadPacket
 .text.USB_ReadInterrupts
                0x0000000008005764       0x26 Drivers/STM32F4xx_HAL_Driver/Src/stm32f4xx_ll_usb.o
                0x0000000008005764                USB_ReadInterrupts
 .text.USB_GetMode
                0x000000000800578a       0x1c Drivers/STM32F4xx_HAL_Driver/Src/stm32f4xx_ll_usb.o
                0x000000000800578a                USB_GetMode
 *fill*         0x00000000080057a6        0x2 
 .text.USB_CoreReset
                0x00000000080057a8       0x68 Drivers/STM32F4xx_HAL_Driver/Src/stm32f4xx_ll_usb.o
 .text.USB_HostInit
                0x0000000008005810      0x178 Drivers/STM32F4xx_HAL_Driver/Src/stm32f4xx_ll_usb.o
                0x0000000008005810                USB_HostInit
 .text.USB_InitFSLSPClkSel
                0x0000000008005988       0x74 Drivers/STM32F4xx_HAL_Driver/Src/stm32f4xx_ll_usb.o
                0x0000000008005988                USB_InitFSLSPClkSel
 .text.USB_ResetPort
                0x00000000080059fc       0x54 Drivers/STM32F4xx_HAL_Driver/Src/stm32f4xx_ll_usb.o
                0x00000000080059fc                USB_ResetPort
 .text.USB_DriveVbus
                0x0000000008005a50       0x72 Drivers/STM32F4xx_HAL_Driver/Src/stm32f4xx_ll_usb.o
                0x0000000008005a50                USB_DriveVbus
 .text.USB_GetHostSpeed
                0x0000000008005ac2       0x2e Drivers/STM32F4xx_HAL_Driver/Src/stm32f4xx_ll_usb.o
                0x0000000008005ac2                USB_GetHostSpeed
 .text.USB_GetCurrentFrame
                0x0000000008005af0       0x22 Drivers/STM32F4xx_HAL_Driver/Src/stm32f4xx_ll_usb.o
                0x0000000008005af0                USB_GetCurrentFrame
 *fill*         0x0000000008005b12        0x2 
 .text.USB_HC_Init
                0x0000000008005b14      0x214 Drivers/STM32F4xx_HAL_Driver/Src/stm32f4xx_ll_usb.o
                0x0000000008005b14                USB_HC_Init
 .text.USB_HC_StartXfer
                0x0000000008005d28      0x28c Drivers/STM32F4xx_HAL_Driver/Src/stm32f4xx_ll_usb.o
                0x0000000008005d28                USB_HC_StartXfer
 .text.USB_HC_ReadInterrupt
                0x0000000008005fb4       0x22 Drivers/STM32F4xx_HAL_Driver/Src/stm32f4xx_ll_usb.o
                0x0000000008005fb4                USB_HC_ReadInterrupt
 .text.USB_HC_Halt
                0x0000000008005fd6      0x1fe Drivers/STM32F4xx_HAL_Driver/Src/stm32f4xx_ll_usb.o
                0x0000000008005fd6                USB_HC_Halt
 .text.USB_DoPing
                0x00000000080061d4       0x78 Drivers/STM32F4xx_HAL_Driver/Src/stm32f4xx_ll_usb.o
                0x00000000080061d4                USB_DoPing
 .text.USB_StopHost
                0x000000000800624c      0x10c Drivers/STM32F4xx_HAL_Driver/Src/stm32f4xx_ll_usb.o
                0x000000000800624c                USB_StopHost
 .text.USBH_CDC_InterfaceInit
                0x0000000008006358      0x2ac Middlewares/ST/STM32_USB_Host_Library/Class/CDC/Src/usbh_cdc.o
 .text.USBH_CDC_InterfaceDeInit
                0x0000000008006604       0xb2 Middlewares/ST/STM32_USB_Host_Library/Class/CDC/Src/usbh_cdc.o
 .text.USBH_CDC_ClassRequest
                0x00000000080066b6       0x3e Middlewares/ST/STM32_USB_Host_Library/Class/CDC/Src/usbh_cdc.o
 .text.USBH_CDC_Process
                0x00000000080066f4      0x12c Middlewares/ST/STM32_USB_Host_Library/Class/CDC/Src/usbh_cdc.o
 .text.USBH_CDC_SOFProcess
                0x0000000008006820       0x16 Middlewares/ST/STM32_USB_Host_Library/Class/CDC/Src/usbh_cdc.o
 .text.GetLineCoding
                0x0000000008006836       0x3e Middlewares/ST/STM32_USB_Host_Library/Class/CDC/Src/usbh_cdc.o
 .text.SetLineCoding
                0x0000000008006874       0x3e Middlewares/ST/STM32_USB_Host_Library/Class/CDC/Src/usbh_cdc.o
 .text.CDC_ProcessTransmission
                0x00000000080068b2       0xf0 Middlewares/ST/STM32_USB_Host_Library/Class/CDC/Src/usbh_cdc.o
 .text.CDC_ProcessReception
                0x00000000080069a2       0xb6 Middlewares/ST/STM32_USB_Host_Library/Class/CDC/Src/usbh_cdc.o
 .text.USBH_CDC_TransmitCallback
                0x0000000008006a58       0x14 Middlewares/ST/STM32_USB_Host_Library/Class/CDC/Src/usbh_cdc.o
                0x0000000008006a58                USBH_CDC_TransmitCallback
 .text.USBH_CDC_ReceiveCallback
                0x0000000008006a6c       0x14 Middlewares/ST/STM32_USB_Host_Library/Class/CDC/Src/usbh_cdc.o
                0x0000000008006a6c                USBH_CDC_ReceiveCallback
 .text.USBH_CDC_LineCodingChanged
                0x0000000008006a80       0x14 Middlewares/ST/STM32_USB_Host_Library/Class/CDC/Src/usbh_cdc.o
                0x0000000008006a80                USBH_CDC_LineCodingChanged
 .text.USBH_Init
                0x0000000008006a94       0x74 Middlewares/ST/STM32_USB_Host_Library/Core/Src/usbh_core.o
                0x0000000008006a94                USBH_Init
 .text.DeInitStateMachine
                0x0000000008006b08       0xa8 Middlewares/ST/STM32_USB_Host_Library/Core/Src/usbh_core.o
 .text.USBH_RegisterClass
                0x0000000008006bb0       0x54 Middlewares/ST/STM32_USB_Host_Library/Core/Src/usbh_core.o
                0x0000000008006bb0                USBH_RegisterClass
 .text.USBH_SelectInterface
                0x0000000008006c04       0x38 Middlewares/ST/STM32_USB_Host_Library/Core/Src/usbh_core.o
                0x0000000008006c04                USBH_SelectInterface
 .text.USBH_FindInterface
                0x0000000008006c3c       0x8c Middlewares/ST/STM32_USB_Host_Library/Core/Src/usbh_core.o
                0x0000000008006c3c                USBH_FindInterface
 .text.USBH_Start
                0x0000000008006cc8       0x20 Middlewares/ST/STM32_USB_Host_Library/Core/Src/usbh_core.o
                0x0000000008006cc8                USBH_Start
 .text.USBH_Process
                0x0000000008006ce8      0x3c0 Middlewares/ST/STM32_USB_Host_Library/Core/Src/usbh_core.o
                0x0000000008006ce8                USBH_Process
 .text.USBH_HandleEnum
                0x00000000080070a8      0x3c8 Middlewares/ST/STM32_USB_Host_Library/Core/Src/usbh_core.o
 .text.USBH_LL_SetTimer
                0x0000000008007470       0x1e Middlewares/ST/STM32_USB_Host_Library/Core/Src/usbh_core.o
                0x0000000008007470                USBH_LL_SetTimer
 .text.USBH_LL_IncTimer
                0x000000000800748e       0x24 Middlewares/ST/STM32_USB_Host_Library/Core/Src/usbh_core.o
                0x000000000800748e                USBH_LL_IncTimer
 .text.USBH_HandleSof
                0x00000000080074b2       0x30 Middlewares/ST/STM32_USB_Host_Library/Core/Src/usbh_core.o
 .text.USBH_LL_PortEnabled
                0x00000000080074e2       0x1c Middlewares/ST/STM32_USB_Host_Library/Core/Src/usbh_core.o
                0x00000000080074e2                USBH_LL_PortEnabled
 .text.USBH_LL_PortDisabled
                0x00000000080074fe       0x1c Middlewares/ST/STM32_USB_Host_Library/Core/Src/usbh_core.o
                0x00000000080074fe                USBH_LL_PortDisabled
 .text.USBH_LL_Connect
                0x000000000800751a       0x2e Middlewares/ST/STM32_USB_Host_Library/Core/Src/usbh_core.o
                0x000000000800751a                USBH_LL_Connect
 .text.USBH_LL_Disconnect
                0x0000000008007548       0x48 Middlewares/ST/STM32_USB_Host_Library/Core/Src/usbh_core.o
                0x0000000008007548                USBH_LL_Disconnect
 .text.USBH_Get_DevDesc
                0x0000000008007590       0x50 Middlewares/ST/STM32_USB_Host_Library/Core/Src/usbh_ctlreq.o
                0x0000000008007590                USBH_Get_DevDesc
 .text.USBH_Get_CfgDesc
                0x00000000080075e0       0x48 Middlewares/ST/STM32_USB_Host_Library/Core/Src/usbh_ctlreq.o
                0x00000000080075e0                USBH_Get_CfgDesc
 .text.USBH_Get_StringDesc
                0x0000000008007628       0x56 Middlewares/ST/STM32_USB_Host_Library/Core/Src/usbh_ctlreq.o
                0x0000000008007628                USBH_Get_StringDesc
 .text.USBH_GetDescriptor
                0x000000000800767e       0x6a Middlewares/ST/STM32_USB_Host_Library/Core/Src/usbh_ctlreq.o
                0x000000000800767e                USBH_GetDescriptor
 .text.USBH_SetAddress
                0x00000000080076e8       0x48 Middlewares/ST/STM32_USB_Host_Library/Core/Src/usbh_ctlreq.o
                0x00000000080076e8                USBH_SetAddress
 .text.USBH_SetCfg
                0x0000000008007730       0x46 Middlewares/ST/STM32_USB_Host_Library/Core/Src/usbh_ctlreq.o
                0x0000000008007730                USBH_SetCfg
 .text.USBH_SetFeature
                0x0000000008007776       0x48 Middlewares/ST/STM32_USB_Host_Library/Core/Src/usbh_ctlreq.o
                0x0000000008007776                USBH_SetFeature
 .text.USBH_ClrFeature
                0x00000000080077be       0x48 Middlewares/ST/STM32_USB_Host_Library/Core/Src/usbh_ctlreq.o
                0x00000000080077be                USBH_ClrFeature
 .text.USBH_ParseDevDesc
                0x0000000008007806       0xe0 Middlewares/ST/STM32_USB_Host_Library/Core/Src/usbh_ctlreq.o
 .text.USBH_ParseCfgDesc
                0x00000000080078e6      0x144 Middlewares/ST/STM32_USB_Host_Library/Core/Src/usbh_ctlreq.o
 .text.USBH_ParseInterfaceDesc
                0x0000000008007a2a       0x5e Middlewares/ST/STM32_USB_Host_Library/Core/Src/usbh_ctlreq.o
 .text.USBH_ParseEPDesc
                0x0000000008007a88       0x5a Middlewares/ST/STM32_USB_Host_Library/Core/Src/usbh_ctlreq.o
 .text.USBH_ParseStringDesc
                0x0000000008007ae2       0x66 Middlewares/ST/STM32_USB_Host_Library/Core/Src/usbh_ctlreq.o
 .text.USBH_GetNextDesc
                0x0000000008007b48       0x36 Middlewares/ST/STM32_USB_Host_Library/Core/Src/usbh_ctlreq.o
                0x0000000008007b48                USBH_GetNextDesc
 .text.USBH_CtlReq
                0x0000000008007b7e       0x7a Middlewares/ST/STM32_USB_Host_Library/Core/Src/usbh_ctlreq.o
                0x0000000008007b7e                USBH_CtlReq
 .text.USBH_HandleControl
                0x0000000008007bf8      0x2ec Middlewares/ST/STM32_USB_Host_Library/Core/Src/usbh_ctlreq.o
 .text.USBH_CtlSendSetup
                0x0000000008007ee4       0x34 Middlewares/ST/STM32_USB_Host_Library/Core/Src/usbh_ioreq.o
                0x0000000008007ee4                USBH_CtlSendSetup
 .text.USBH_CtlSendData
                0x0000000008007f18       0x4a Middlewares/ST/STM32_USB_Host_Library/Core/Src/usbh_ioreq.o
                0x0000000008007f18                USBH_CtlSendData
 .text.USBH_CtlReceiveData
                0x0000000008007f62       0x3c Middlewares/ST/STM32_USB_Host_Library/Core/Src/usbh_ioreq.o
                0x0000000008007f62                USBH_CtlReceiveData
 .text.USBH_BulkSendData
                0x0000000008007f9e       0x4a Middlewares/ST/STM32_USB_Host_Library/Core/Src/usbh_ioreq.o
                0x0000000008007f9e                USBH_BulkSendData
 .text.USBH_BulkReceiveData
                0x0000000008007fe8       0x3c Middlewares/ST/STM32_USB_Host_Library/Core/Src/usbh_ioreq.o
                0x0000000008007fe8                USBH_BulkReceiveData
 .text.USBH_OpenPipe
                0x0000000008008024       0x3e Middlewares/ST/STM32_USB_Host_Library/Core/Src/usbh_pipes.o
                0x0000000008008024                USBH_OpenPipe
 .text.USBH_ClosePipe
                0x0000000008008062       0x20 Middlewares/ST/STM32_USB_Host_Library/Core/Src/usbh_pipes.o
                0x0000000008008062                USBH_ClosePipe
 .text.USBH_AllocPipe
                0x0000000008008082       0x42 Middlewares/ST/STM32_USB_Host_Library/Core/Src/usbh_pipes.o
                0x0000000008008082                USBH_AllocPipe
 .text.USBH_FreePipe
                0x00000000080080c4       0x3c Middlewares/ST/STM32_USB_Host_Library/Core/Src/usbh_pipes.o
                0x00000000080080c4                USBH_FreePipe
 .text.USBH_GetFreePipe
                0x0000000008008100       0x48 Middlewares/ST/STM32_USB_Host_Library/Core/Src/usbh_pipes.o
 .text.MX_USB_HOST_Init
                0x0000000008008148       0x4c USB_HOST/App/usb_host.o
                0x0000000008008148                MX_USB_HOST_Init
 .text.MX_USB_HOST_Process
                0x0000000008008194       0x14 USB_HOST/App/usb_host.o
                0x0000000008008194                MX_USB_HOST_Process
 .text.USBH_UserProcess
                0x00000000080081a8       0x5c USB_HOST/App/usb_host.o
 .text.HAL_HCD_MspInit
                0x0000000008008204       0xc4 USB_HOST/Target/usbh_conf.o
                0x0000000008008204                HAL_HCD_MspInit
 .text.HAL_HCD_SOF_Callback
                0x00000000080082c8       0x1c USB_HOST/Target/usbh_conf.o
                0x00000000080082c8                HAL_HCD_SOF_Callback
 .text.HAL_HCD_Connect_Callback
                0x00000000080082e4       0x1c USB_HOST/Target/usbh_conf.o
                0x00000000080082e4                HAL_HCD_Connect_Callback
 .text.HAL_HCD_Disconnect_Callback
                0x0000000008008300       0x1c USB_HOST/Target/usbh_conf.o
                0x0000000008008300                HAL_HCD_Disconnect_Callback
 .text.HAL_HCD_HC_NotifyURBChange_Callback
                0x000000000800831c       0x1c USB_HOST/Target/usbh_conf.o
                0x000000000800831c                HAL_HCD_HC_NotifyURBChange_Callback
 .text.HAL_HCD_PortEnabled_Callback
                0x0000000008008338       0x1c USB_HOST/Target/usbh_conf.o
                0x0000000008008338                HAL_HCD_PortEnabled_Callback
 .text.HAL_HCD_PortDisabled_Callback
                0x0000000008008354       0x1c USB_HOST/Target/usbh_conf.o
                0x0000000008008354                HAL_HCD_PortDisabled_Callback
 .text.USBH_LL_Init
                0x0000000008008370       0x78 USB_HOST/Target/usbh_conf.o
                0x0000000008008370                USBH_LL_Init
 .text.USBH_LL_Start
                0x00000000080083e8       0x36 USB_HOST/Target/usbh_conf.o
                0x00000000080083e8                USBH_LL_Start
 .text.USBH_LL_Stop
                0x000000000800841e       0x36 USB_HOST/Target/usbh_conf.o
                0x000000000800841e                USBH_LL_Stop
 .text.USBH_LL_GetSpeed
                0x0000000008008454       0x4a USB_HOST/Target/usbh_conf.o
                0x0000000008008454                USBH_LL_GetSpeed
 .text.USBH_LL_ResetPort
                0x000000000800849e       0x36 USB_HOST/Target/usbh_conf.o
                0x000000000800849e                USBH_LL_ResetPort
 .text.USBH_LL_GetLastXferSize
                0x00000000080084d4       0x26 USB_HOST/Target/usbh_conf.o
                0x00000000080084d4                USBH_LL_GetLastXferSize
 .text.USBH_LL_OpenPipe
                0x00000000080084fa       0x5e USB_HOST/Target/usbh_conf.o
                0x00000000080084fa                USBH_LL_OpenPipe
 .text.USBH_LL_ClosePipe
                0x0000000008008558       0x3e USB_HOST/Target/usbh_conf.o
                0x0000000008008558                USBH_LL_ClosePipe
 .text.USBH_LL_SubmitURB
                0x0000000008008596       0x62 USB_HOST/Target/usbh_conf.o
                0x0000000008008596                USBH_LL_SubmitURB
 .text.USBH_LL_GetURBState
                0x00000000080085f8       0x26 USB_HOST/Target/usbh_conf.o
                0x00000000080085f8                USBH_LL_GetURBState
 .text.USBH_LL_DriverVBUS
                0x000000000800861e       0x2e USB_HOST/Target/usbh_conf.o
                0x000000000800861e                USBH_LL_DriverVBUS
 .text.USBH_LL_SetToggle
                0x000000000800864c       0x66 USB_HOST/Target/usbh_conf.o
                0x000000000800864c                USBH_LL_SetToggle
 .text.USBH_Delay
                0x00000000080086b2       0x16 USB_HOST/Target/usbh_conf.o
                0x00000000080086b2                USBH_Delay
 .text.USBH_Get_USB_Status
                0x00000000080086c8       0x58 USB_HOST/Target/usbh_conf.o
                0x00000000080086c8                USBH_Get_USB_Status
 .text.MX_DriverVbusFS
                0x0000000008008720       0x38 USB_HOST/Target/usbh_platform.o
                0x0000000008008720                MX_DriverVbusFS
 .text.__errno  0x0000000008008758        0xc d:/apps/stm32cubeide_1.5.0/stm32cubeide/plugins/com.st.stm32cube.ide.mcu.externaltools.gnu-tools-for-stm32.7-2018-q2-update.win32_1.5.0.202011040924/tools/bin/../lib/gcc/arm-none-eabi/7.3.1/../../../../arm-none-eabi/lib/thumb/v7e-m/fpv4-sp/hard\libc_nano.a(lib_a-errno.o)
                0x0000000008008758                __errno
 .text.__libc_init_array
                0x0000000008008764       0x48 d:/apps/stm32cubeide_1.5.0/stm32cubeide/plugins/com.st.stm32cube.ide.mcu.externaltools.gnu-tools-for-stm32.7-2018-q2-update.win32_1.5.0.202011040924/tools/bin/../lib/gcc/arm-none-eabi/7.3.1/../../../../arm-none-eabi/lib/thumb/v7e-m/fpv4-sp/hard\libc_nano.a(lib_a-init.o)
                0x0000000008008764                __libc_init_array
 .text.malloc   0x00000000080087ac       0x10 d:/apps/stm32cubeide_1.5.0/stm32cubeide/plugins/com.st.stm32cube.ide.mcu.externaltools.gnu-tools-for-stm32.7-2018-q2-update.win32_1.5.0.202011040924/tools/bin/../lib/gcc/arm-none-eabi/7.3.1/../../../../arm-none-eabi/lib/thumb/v7e-m/fpv4-sp/hard\libc_nano.a(lib_a-malloc.o)
                0x00000000080087ac                malloc
 .text.free     0x00000000080087bc       0x10 d:/apps/stm32cubeide_1.5.0/stm32cubeide/plugins/com.st.stm32cube.ide.mcu.externaltools.gnu-tools-for-stm32.7-2018-q2-update.win32_1.5.0.202011040924/tools/bin/../lib/gcc/arm-none-eabi/7.3.1/../../../../arm-none-eabi/lib/thumb/v7e-m/fpv4-sp/hard\libc_nano.a(lib_a-malloc.o)
                0x00000000080087bc                free
 .text.memset   0x00000000080087cc       0x10 d:/apps/stm32cubeide_1.5.0/stm32cubeide/plugins/com.st.stm32cube.ide.mcu.externaltools.gnu-tools-for-stm32.7-2018-q2-update.win32_1.5.0.202011040924/tools/bin/../lib/gcc/arm-none-eabi/7.3.1/../../../../arm-none-eabi/lib/thumb/v7e-m/fpv4-sp/hard\libc_nano.a(lib_a-memset.o)
                0x00000000080087cc                memset
 .text._free_r  0x00000000080087dc       0x9c d:/apps/stm32cubeide_1.5.0/stm32cubeide/plugins/com.st.stm32cube.ide.mcu.externaltools.gnu-tools-for-stm32.7-2018-q2-update.win32_1.5.0.202011040924/tools/bin/../lib/gcc/arm-none-eabi/7.3.1/../../../../arm-none-eabi/lib/thumb/v7e-m/fpv4-sp/hard\libc_nano.a(lib_a-nano-freer.o)
                0x00000000080087dc                _free_r
 .text._malloc_r
                0x0000000008008878       0xb4 d:/apps/stm32cubeide_1.5.0/stm32cubeide/plugins/com.st.stm32cube.ide.mcu.externaltools.gnu-tools-for-stm32.7-2018-q2-update.win32_1.5.0.202011040924/tools/bin/../lib/gcc/arm-none-eabi/7.3.1/../../../../arm-none-eabi/lib/thumb/v7e-m/fpv4-sp/hard\libc_nano.a(lib_a-nano-mallocr.o)
                0x0000000008008878                _malloc_r
 .text._sbrk_r  0x000000000800892c       0x20 d:/apps/stm32cubeide_1.5.0/stm32cubeide/plugins/com.st.stm32cube.ide.mcu.externaltools.gnu-tools-for-stm32.7-2018-q2-update.win32_1.5.0.202011040924/tools/bin/../lib/gcc/arm-none-eabi/7.3.1/../../../../arm-none-eabi/lib/thumb/v7e-m/fpv4-sp/hard\libc_nano.a(lib_a-sbrkr.o)
                0x000000000800892c                _sbrk_r
 .text.__malloc_lock
                0x000000000800894c        0x2 d:/apps/stm32cubeide_1.5.0/stm32cubeide/plugins/com.st.stm32cube.ide.mcu.externaltools.gnu-tools-for-stm32.7-2018-q2-update.win32_1.5.0.202011040924/tools/bin/../lib/gcc/arm-none-eabi/7.3.1/../../../../arm-none-eabi/lib/thumb/v7e-m/fpv4-sp/hard\libc_nano.a(lib_a-mlock.o)
                0x000000000800894c                __malloc_lock
 .text.__malloc_unlock
                0x000000000800894e        0x2 d:/apps/stm32cubeide_1.5.0/stm32cubeide/plugins/com.st.stm32cube.ide.mcu.externaltools.gnu-tools-for-stm32.7-2018-q2-update.win32_1.5.0.202011040924/tools/bin/../lib/gcc/arm-none-eabi/7.3.1/../../../../arm-none-eabi/lib/thumb/v7e-m/fpv4-sp/hard\libc_nano.a(lib_a-mlock.o)
                0x000000000800894e                __malloc_unlock
 *(.glue_7)
 .glue_7        0x0000000008008950        0x0 linker stubs
 *(.glue_7t)
 .glue_7t       0x0000000008008950        0x0 linker stubs
 *(.eh_frame)
 .eh_frame      0x0000000008008950        0x0 d:/apps/stm32cubeide_1.5.0/stm32cubeide/plugins/com.st.stm32cube.ide.mcu.externaltools.gnu-tools-for-stm32.7-2018-q2-update.win32_1.5.0.202011040924/tools/bin/../lib/gcc/arm-none-eabi/7.3.1/thumb/v7e-m/fpv4-sp/hard/crtbegin.o
 *(.init)
 .init          0x0000000008008950        0x4 d:/apps/stm32cubeide_1.5.0/stm32cubeide/plugins/com.st.stm32cube.ide.mcu.externaltools.gnu-tools-for-stm32.7-2018-q2-update.win32_1.5.0.202011040924/tools/bin/../lib/gcc/arm-none-eabi/7.3.1/thumb/v7e-m/fpv4-sp/hard/crti.o
                0x0000000008008950                _init
 .init          0x0000000008008954        0x8 d:/apps/stm32cubeide_1.5.0/stm32cubeide/plugins/com.st.stm32cube.ide.mcu.externaltools.gnu-tools-for-stm32.7-2018-q2-update.win32_1.5.0.202011040924/tools/bin/../lib/gcc/arm-none-eabi/7.3.1/thumb/v7e-m/fpv4-sp/hard/crtn.o
 *(.fini)
 .fini          0x000000000800895c        0x4 d:/apps/stm32cubeide_1.5.0/stm32cubeide/plugins/com.st.stm32cube.ide.mcu.externaltools.gnu-tools-for-stm32.7-2018-q2-update.win32_1.5.0.202011040924/tools/bin/../lib/gcc/arm-none-eabi/7.3.1/thumb/v7e-m/fpv4-sp/hard/crti.o
                0x000000000800895c                _fini
 .fini          0x0000000008008960        0x8 d:/apps/stm32cubeide_1.5.0/stm32cubeide/plugins/com.st.stm32cube.ide.mcu.externaltools.gnu-tools-for-stm32.7-2018-q2-update.win32_1.5.0.202011040924/tools/bin/../lib/gcc/arm-none-eabi/7.3.1/thumb/v7e-m/fpv4-sp/hard/crtn.o
                0x0000000008008968                . = ALIGN (0x4)
                0x0000000008008968                _etext = .

.vfp11_veneer   0x0000000008008968        0x0
 .vfp11_veneer  0x0000000008008968        0x0 linker stubs

.v4_bx          0x0000000008008968        0x0
 .v4_bx         0x0000000008008968        0x0 linker stubs

.iplt           0x0000000008008968        0x0
 .iplt          0x0000000008008968        0x0 d:/apps/stm32cubeide_1.5.0/stm32cubeide/plugins/com.st.stm32cube.ide.mcu.externaltools.gnu-tools-for-stm32.7-2018-q2-update.win32_1.5.0.202011040924/tools/bin/../lib/gcc/arm-none-eabi/7.3.1/thumb/v7e-m/fpv4-sp/hard/crtbegin.o

.rodata         0x0000000008008968       0x1c
                0x0000000008008968                . = ALIGN (0x4)
 *(.rodata)
 .rodata        0x0000000008008968        0x4 Middlewares/ST/STM32_USB_Host_Library/Class/CDC/Src/usbh_cdc.o
 *(.rodata*)
 .rodata.AHBPrescTable
                0x000000000800896c       0x10 Core/Src/system_stm32f4xx.o
                0x000000000800896c                AHBPrescTable
 .rodata.APBPrescTable
                0x000000000800897c        0x8 Core/Src/system_stm32f4xx.o
                0x000000000800897c                APBPrescTable
                0x0000000008008984                . = ALIGN (0x4)

.ARM.extab      0x0000000008008984        0x0
                0x0000000008008984                . = ALIGN (0x4)
 *(.ARM.extab* .gnu.linkonce.armextab.*)
                0x0000000008008984                . = ALIGN (0x4)

.ARM            0x0000000008008984        0x8
                0x0000000008008984                . = ALIGN (0x4)
                0x0000000008008984                __exidx_start = .
 *(.ARM.exidx*)
 .ARM.exidx     0x0000000008008984        0x8 d:/apps/stm32cubeide_1.5.0/stm32cubeide/plugins/com.st.stm32cube.ide.mcu.externaltools.gnu-tools-for-stm32.7-2018-q2-update.win32_1.5.0.202011040924/tools/bin/../lib/gcc/arm-none-eabi/7.3.1/thumb/v7e-m/fpv4-sp/hard\libgcc.a(_udivmoddi4.o)
                0x000000000800898c                __exidx_end = .
                0x000000000800898c                . = ALIGN (0x4)

.rel.dyn        0x000000000800898c        0x0
 .rel.iplt      0x000000000800898c        0x0 d:/apps/stm32cubeide_1.5.0/stm32cubeide/plugins/com.st.stm32cube.ide.mcu.externaltools.gnu-tools-for-stm32.7-2018-q2-update.win32_1.5.0.202011040924/tools/bin/../lib/gcc/arm-none-eabi/7.3.1/thumb/v7e-m/fpv4-sp/hard/crtbegin.o

.preinit_array  0x000000000800898c        0x0
                0x000000000800898c                . = ALIGN (0x4)
                0x000000000800898c                PROVIDE (__preinit_array_start = .)
 *(.preinit_array*)
                0x000000000800898c                PROVIDE (__preinit_array_end = .)
                0x000000000800898c                . = ALIGN (0x4)

.init_array     0x000000000800898c        0x4
                0x000000000800898c                . = ALIGN (0x4)
                0x000000000800898c                PROVIDE (__init_array_start = .)
 *(SORT_BY_NAME(.init_array.*))
 *(.init_array*)
 .init_array    0x000000000800898c        0x4 d:/apps/stm32cubeide_1.5.0/stm32cubeide/plugins/com.st.stm32cube.ide.mcu.externaltools.gnu-tools-for-stm32.7-2018-q2-update.win32_1.5.0.202011040924/tools/bin/../lib/gcc/arm-none-eabi/7.3.1/thumb/v7e-m/fpv4-sp/hard/crtbegin.o
                0x0000000008008990                PROVIDE (__init_array_end = .)
                0x0000000008008990                . = ALIGN (0x4)

.fini_array     0x0000000008008990        0x4
                0x0000000008008990                . = ALIGN (0x4)
                [!provide]                        PROVIDE (__fini_array_start = .)
 *(SORT_BY_NAME(.fini_array.*))
 *(.fini_array*)
 .fini_array    0x0000000008008990        0x4 d:/apps/stm32cubeide_1.5.0/stm32cubeide/plugins/com.st.stm32cube.ide.mcu.externaltools.gnu-tools-for-stm32.7-2018-q2-update.win32_1.5.0.202011040924/tools/bin/../lib/gcc/arm-none-eabi/7.3.1/thumb/v7e-m/fpv4-sp/hard/crtbegin.o
                [!provide]                        PROVIDE (__fini_array_end = .)
                0x0000000008008994                . = ALIGN (0x4)
                0x0000000008008994                _sidata = LOADADDR (.data)

.data           0x0000000020000000       0x90 load address 0x0000000008008994
                0x0000000020000000                . = ALIGN (0x4)
                0x0000000020000000                _sdata = .
 *(.data)
 *(.data*)
 .data.SystemCoreClock
                0x0000000020000000        0x4 Core/Src/system_stm32f4xx.o
                0x0000000020000000                SystemCoreClock
 .data.uwTickPrio
                0x0000000020000004        0x4 Drivers/STM32F4xx_HAL_Driver/Src/stm32f4xx_hal.o
                0x0000000020000004                uwTickPrio
 .data.uwTickFreq
                0x0000000020000008        0x1 Drivers/STM32F4xx_HAL_Driver/Src/stm32f4xx_hal.o
                0x0000000020000008                uwTickFreq
 *fill*         0x0000000020000009        0x3 
 .data.CDC_Class
                0x000000002000000c       0x20 Middlewares/ST/STM32_USB_Host_Library/Class/CDC/Src/usbh_cdc.o
                0x000000002000000c                CDC_Class
 .data._impure_ptr
                0x000000002000002c        0x4 d:/apps/stm32cubeide_1.5.0/stm32cubeide/plugins/com.st.stm32cube.ide.mcu.externaltools.gnu-tools-for-stm32.7-2018-q2-update.win32_1.5.0.202011040924/tools/bin/../lib/gcc/arm-none-eabi/7.3.1/../../../../arm-none-eabi/lib/thumb/v7e-m/fpv4-sp/hard\libc_nano.a(lib_a-impure.o)
                0x000000002000002c                _impure_ptr
 .data.impure_data
                0x0000000020000030       0x60 d:/apps/stm32cubeide_1.5.0/stm32cubeide/plugins/com.st.stm32cube.ide.mcu.externaltools.gnu-tools-for-stm32.7-2018-q2-update.win32_1.5.0.202011040924/tools/bin/../lib/gcc/arm-none-eabi/7.3.1/../../../../arm-none-eabi/lib/thumb/v7e-m/fpv4-sp/hard\libc_nano.a(lib_a-impure.o)
 *(.RamFunc)
 *(.RamFunc*)
                0x0000000020000090                . = ALIGN (0x4)
                0x0000000020000090                _edata = .

.igot.plt       0x0000000020000090        0x0 load address 0x0000000008008a24
 .igot.plt      0x0000000020000090        0x0 d:/apps/stm32cubeide_1.5.0/stm32cubeide/plugins/com.st.stm32cube.ide.mcu.externaltools.gnu-tools-for-stm32.7-2018-q2-update.win32_1.5.0.202011040924/tools/bin/../lib/gcc/arm-none-eabi/7.3.1/thumb/v7e-m/fpv4-sp/hard/crtbegin.o
                0x0000000020000090                . = ALIGN (0x4)

.bss            0x0000000020000090      0x894 load address 0x0000000008008a24
                0x0000000020000090                _sbss = .
                0x0000000020000090                __bss_start__ = _sbss
 *(.bss)
 .bss           0x0000000020000090       0x1c d:/apps/stm32cubeide_1.5.0/stm32cubeide/plugins/com.st.stm32cube.ide.mcu.externaltools.gnu-tools-for-stm32.7-2018-q2-update.win32_1.5.0.202011040924/tools/bin/../lib/gcc/arm-none-eabi/7.3.1/thumb/v7e-m/fpv4-sp/hard/crtbegin.o
 *(.bss*)
 .bss.tim10_overflows
                0x00000000200000ac        0x4 Core/Src/main.o
                0x00000000200000ac                tim10_overflows
 .bss.__sbrk_heap_end
                0x00000000200000b0        0x4 Core/Src/sysmem.o
 .bss.tmpreg.8776
                0x00000000200000b4        0x4 Drivers/STM32F4xx_HAL_Driver/Src/stm32f4xx_ll_usb.o
 .bss.Appli_state
                0x00000000200000b8        0x1 USB_HOST/App/usb_host.o
                0x00000000200000b8                Appli_state
 *fill*         0x00000000200000b9        0x3 
 .bss.__malloc_free_list
                0x00000000200000bc        0x4 d:/apps/stm32cubeide_1.5.0/stm32cubeide/plugins/com.st.stm32cube.ide.mcu.externaltools.gnu-tools-for-stm32.7-2018-q2-update.win32_1.5.0.202011040924/tools/bin/../lib/gcc/arm-none-eabi/7.3.1/../../../../arm-none-eabi/lib/thumb/v7e-m/fpv4-sp/hard\libc_nano.a(lib_a-nano-mallocr.o)
                0x00000000200000bc                __malloc_free_list
 .bss.__malloc_sbrk_start
                0x00000000200000c0        0x4 d:/apps/stm32cubeide_1.5.0/stm32cubeide/plugins/com.st.stm32cube.ide.mcu.externaltools.gnu-tools-for-stm32.7-2018-q2-update.win32_1.5.0.202011040924/tools/bin/../lib/gcc/arm-none-eabi/7.3.1/../../../../arm-none-eabi/lib/thumb/v7e-m/fpv4-sp/hard\libc_nano.a(lib_a-nano-mallocr.o)
                0x00000000200000c0                __malloc_sbrk_start
 *(COMMON)
 COMMON         0x00000000200000c4      0x1bc Core/Src/main.o
                0x00000000200000c4                hi2c1
                0x0000000020000118                htim10
                0x0000000020000158                htim3
                0x0000000020000198                hspi1
                0x00000000200001f0                hi2s2
                0x0000000020000238                hi2s3
 COMMON         0x0000000020000280        0x4 Drivers/STM32F4xx_HAL_Driver/Src/stm32f4xx_hal.o
                0x0000000020000280                uwTick
 COMMON         0x0000000020000284      0x3d8 USB_HOST/App/usb_host.o
                0x0000000020000284                hUsbHostFS
 COMMON         0x000000002000065c      0x2c4 USB_HOST/Target/usbh_conf.o
                0x000000002000065c                hhcd_USB_OTG_FS
 COMMON         0x0000000020000920        0x4 d:/apps/stm32cubeide_1.5.0/stm32cubeide/plugins/com.st.stm32cube.ide.mcu.externaltools.gnu-tools-for-stm32.7-2018-q2-update.win32_1.5.0.202011040924/tools/bin/../lib/gcc/arm-none-eabi/7.3.1/../../../../arm-none-eabi/lib/thumb/v7e-m/fpv4-sp/hard\libc_nano.a(lib_a-reent.o)
                0x0000000020000920                errno
                0x0000000020000924                . = ALIGN (0x4)
                0x0000000020000924                _ebss = .
                0x0000000020000924                __bss_end__ = _ebss

._user_heap_stack
                0x0000000020000924      0x604 load address 0x0000000008008a24
                0x0000000020000928                . = ALIGN (0x8)
 *fill*         0x0000000020000924        0x4 
                [!provide]                        PROVIDE (end = .)
                0x0000000020000928                PROVIDE (_end = .)
                0x0000000020000b28                . = (. + _Min_Heap_Size)
 *fill*         0x0000000020000928      0x200 
                0x0000000020000f28                . = (. + _Min_Stack_Size)
 *fill*         0x0000000020000b28      0x400 
                0x0000000020000f28                . = ALIGN (0x8)

/DISCARD/
 libc.a(*)
 libm.a(*)
 libgcc.a(*)

.ARM.attributes
                0x0000000000000000       0x30
 *(.ARM.attributes)
 .ARM.attributes
                0x0000000000000000       0x22 d:/apps/stm32cubeide_1.5.0/stm32cubeide/plugins/com.st.stm32cube.ide.mcu.externaltools.gnu-tools-for-stm32.7-2018-q2-update.win32_1.5.0.202011040924/tools/bin/../lib/gcc/arm-none-eabi/7.3.1/thumb/v7e-m/fpv4-sp/hard/crti.o
 .ARM.attributes
                0x0000000000000022       0x34 d:/apps/stm32cubeide_1.5.0/stm32cubeide/plugins/com.st.stm32cube.ide.mcu.externaltools.gnu-tools-for-stm32.7-2018-q2-update.win32_1.5.0.202011040924/tools/bin/../lib/gcc/arm-none-eabi/7.3.1/thumb/v7e-m/fpv4-sp/hard/crtbegin.o
 .ARM.attributes
                0x0000000000000056       0x39 Core/Src/main.o
 .ARM.attributes
                0x000000000000008f       0x39 Core/Src/stm32f4xx_hal_msp.o
 .ARM.attributes
                0x00000000000000c8       0x39 Core/Src/stm32f4xx_it.o
 .ARM.attributes
                0x0000000000000101       0x39 Core/Src/sysmem.o
 .ARM.attributes
                0x000000000000013a       0x39 Core/Src/system_stm32f4xx.o
 .ARM.attributes
                0x0000000000000173       0x21 Core/Startup/startup_stm32f411vetx.o
 .ARM.attributes
                0x0000000000000194       0x39 Drivers/STM32F4xx_HAL_Driver/Src/stm32f4xx_hal.o
 .ARM.attributes
                0x00000000000001cd       0x39 Drivers/STM32F4xx_HAL_Driver/Src/stm32f4xx_hal_cortex.o
 .ARM.attributes
                0x0000000000000206       0x39 Drivers/STM32F4xx_HAL_Driver/Src/stm32f4xx_hal_gpio.o
 .ARM.attributes
                0x000000000000023f       0x39 Drivers/STM32F4xx_HAL_Driver/Src/stm32f4xx_hal_hcd.o
 .ARM.attributes
                0x0000000000000278       0x39 Drivers/STM32F4xx_HAL_Driver/Src/stm32f4xx_hal_i2c.o
 .ARM.attributes
                0x00000000000002b1       0x39 Drivers/STM32F4xx_HAL_Driver/Src/stm32f4xx_hal_i2s.o
 .ARM.attributes
                0x00000000000002ea       0x39 Drivers/STM32F4xx_HAL_Driver/Src/stm32f4xx_hal_i2s_ex.o
 .ARM.attributes
                0x0000000000000323       0x39 Drivers/STM32F4xx_HAL_Driver/Src/stm32f4xx_hal_rcc.o
 .ARM.attributes
                0x000000000000035c       0x39 Drivers/STM32F4xx_HAL_Driver/Src/stm32f4xx_hal_rcc_ex.o
 .ARM.attributes
                0x0000000000000395       0x39 Drivers/STM32F4xx_HAL_Driver/Src/stm32f4xx_hal_spi.o
 .ARM.attributes
                0x00000000000003ce       0x39 Drivers/STM32F4xx_HAL_Driver/Src/stm32f4xx_hal_tim.o
 .ARM.attributes
                0x0000000000000407       0x39 Drivers/STM32F4xx_HAL_Driver/Src/stm32f4xx_hal_tim_ex.o
 .ARM.attributes
                0x0000000000000440       0x39 Drivers/STM32F4xx_HAL_Driver/Src/stm32f4xx_ll_usb.o
 .ARM.attributes
                0x0000000000000479       0x39 Middlewares/ST/STM32_USB_Host_Library/Class/CDC/Src/usbh_cdc.o
 .ARM.attributes
                0x00000000000004b2       0x39 Middlewares/ST/STM32_USB_Host_Library/Core/Src/usbh_core.o
 .ARM.attributes
                0x00000000000004eb       0x39 Middlewares/ST/STM32_USB_Host_Library/Core/Src/usbh_ctlreq.o
 .ARM.attributes
                0x0000000000000524       0x39 Middlewares/ST/STM32_USB_Host_Library/Core/Src/usbh_ioreq.o
 .ARM.attributes
                0x000000000000055d       0x39 Middlewares/ST/STM32_USB_Host_Library/Core/Src/usbh_pipes.o
 .ARM.attributes
                0x0000000000000596       0x39 USB_HOST/App/usb_host.o
 .ARM.attributes
                0x00000000000005cf       0x39 USB_HOST/Target/usbh_conf.o
 .ARM.attributes
                0x0000000000000608       0x39 USB_HOST/Target/usbh_platform.o
 .ARM.attributes
                0x0000000000000641       0x34 d:/apps/stm32cubeide_1.5.0/stm32cubeide/plugins/com.st.stm32cube.ide.mcu.externaltools.gnu-tools-for-stm32.7-2018-q2-update.win32_1.5.0.202011040924/tools/bin/../lib/gcc/arm-none-eabi/7.3.1/../../../../arm-none-eabi/lib/thumb/v7e-m/fpv4-sp/hard\libc_nano.a(lib_a-errno.o)
 .ARM.attributes
                0x0000000000000675       0x34 d:/apps/stm32cubeide_1.5.0/stm32cubeide/plugins/com.st.stm32cube.ide.mcu.externaltools.gnu-tools-for-stm32.7-2018-q2-update.win32_1.5.0.202011040924/tools/bin/../lib/gcc/arm-none-eabi/7.3.1/../../../../arm-none-eabi/lib/thumb/v7e-m/fpv4-sp/hard\libc_nano.a(lib_a-impure.o)
 .ARM.attributes
                0x00000000000006a9       0x34 d:/apps/stm32cubeide_1.5.0/stm32cubeide/plugins/com.st.stm32cube.ide.mcu.externaltools.gnu-tools-for-stm32.7-2018-q2-update.win32_1.5.0.202011040924/tools/bin/../lib/gcc/arm-none-eabi/7.3.1/../../../../arm-none-eabi/lib/thumb/v7e-m/fpv4-sp/hard\libc_nano.a(lib_a-init.o)
 .ARM.attributes
                0x00000000000006dd       0x34 d:/apps/stm32cubeide_1.5.0/stm32cubeide/plugins/com.st.stm32cube.ide.mcu.externaltools.gnu-tools-for-stm32.7-2018-q2-update.win32_1.5.0.202011040924/tools/bin/../lib/gcc/arm-none-eabi/7.3.1/../../../../arm-none-eabi/lib/thumb/v7e-m/fpv4-sp/hard\libc_nano.a(lib_a-malloc.o)
 .ARM.attributes
                0x0000000000000711       0x34 d:/apps/stm32cubeide_1.5.0/stm32cubeide/plugins/com.st.stm32cube.ide.mcu.externaltools.gnu-tools-for-stm32.7-2018-q2-update.win32_1.5.0.202011040924/tools/bin/../lib/gcc/arm-none-eabi/7.3.1/../../../../arm-none-eabi/lib/thumb/v7e-m/fpv4-sp/hard\libc_nano.a(lib_a-memset.o)
 .ARM.attributes
                0x0000000000000745       0x34 d:/apps/stm32cubeide_1.5.0/stm32cubeide/plugins/com.st.stm32cube.ide.mcu.externaltools.gnu-tools-for-stm32.7-2018-q2-update.win32_1.5.0.202011040924/tools/bin/../lib/gcc/arm-none-eabi/7.3.1/../../../../arm-none-eabi/lib/thumb/v7e-m/fpv4-sp/hard\libc_nano.a(lib_a-nano-freer.o)
 .ARM.attributes
                0x0000000000000779       0x34 d:/apps/stm32cubeide_1.5.0/stm32cubeide/plugins/com.st.stm32cube.ide.mcu.externaltools.gnu-tools-for-stm32.7-2018-q2-update.win32_1.5.0.202011040924/tools/bin/../lib/gcc/arm-none-eabi/7.3.1/../../../../arm-none-eabi/lib/thumb/v7e-m/fpv4-sp/hard\libc_nano.a(lib_a-nano-mallocr.o)
 .ARM.attributes
                0x00000000000007ad       0x34 d:/apps/stm32cubeide_1.5.0/stm32cubeide/plugins/com.st.stm32cube.ide.mcu.externaltools.gnu-tools-for-stm32.7-2018-q2-update.win32_1.5.0.202011040924/tools/bin/../lib/gcc/arm-none-eabi/7.3.1/../../../../arm-none-eabi/lib/thumb/v7e-m/fpv4-sp/hard\libc_nano.a(lib_a-sbrkr.o)
 .ARM.attributes
                0x00000000000007e1       0x34 d:/apps/stm32cubeide_1.5.0/stm32cubeide/plugins/com.st.stm32cube.ide.mcu.externaltools.gnu-tools-for-stm32.7-2018-q2-update.win32_1.5.0.202011040924/tools/bin/../lib/gcc/arm-none-eabi/7.3.1/../../../../arm-none-eabi/lib/thumb/v7e-m/fpv4-sp/hard\libc_nano.a(lib_a-mlock.o)
 .ARM.attributes
                0x0000000000000815       0x34 d:/apps/stm32cubeide_1.5.0/stm32cubeide/plugins/com.st.stm32cube.ide.mcu.externaltools.gnu-tools-for-stm32.7-2018-q2-update.win32_1.5.0.202011040924/tools/bin/../lib/gcc/arm-none-eabi/7.3.1/../../../../arm-none-eabi/lib/thumb/v7e-m/fpv4-sp/hard\libc_nano.a(lib_a-reent.o)
 .ARM.attributes
                0x0000000000000849       0x22 d:/apps/stm32cubeide_1.5.0/stm32cubeide/plugins/com.st.stm32cube.ide.mcu.externaltools.gnu-tools-for-stm32.7-2018-q2-update.win32_1.5.0.202011040924/tools/bin/../lib/gcc/arm-none-eabi/7.3.1/thumb/v7e-m/fpv4-sp/hard\libgcc.a(_aeabi_uldivmod.o)
 .ARM.attributes
                0x000000000000086b       0x34 d:/apps/stm32cubeide_1.5.0/stm32cubeide/plugins/com.st.stm32cube.ide.mcu.externaltools.gnu-tools-for-stm32.7-2018-q2-update.win32_1.5.0.202011040924/tools/bin/../lib/gcc/arm-none-eabi/7.3.1/thumb/v7e-m/fpv4-sp/hard\libgcc.a(_udivmoddi4.o)
 .ARM.attributes
                0x000000000000089f       0x22 d:/apps/stm32cubeide_1.5.0/stm32cubeide/plugins/com.st.stm32cube.ide.mcu.externaltools.gnu-tools-for-stm32.7-2018-q2-update.win32_1.5.0.202011040924/tools/bin/../lib/gcc/arm-none-eabi/7.3.1/thumb/v7e-m/fpv4-sp/hard\libgcc.a(_dvmd_tls.o)
 .ARM.attributes
                0x00000000000008c1       0x22 d:/apps/stm32cubeide_1.5.0/stm32cubeide/plugins/com.st.stm32cube.ide.mcu.externaltools.gnu-tools-for-stm32.7-2018-q2-update.win32_1.5.0.202011040924/tools/bin/../lib/gcc/arm-none-eabi/7.3.1/thumb/v7e-m/fpv4-sp/hard/crtn.o
OUTPUT(lamphone.elf elf32-littlearm)

.debug_info     0x0000000000000000    0x1cec3
 .debug_info    0x0000000000000000     0x18f6 Core/Src/main.o
 .debug_info    0x00000000000018f6     0x14d3 Core/Src/stm32f4xx_hal_msp.o
 .debug_info    0x0000000000002dc9      0xb82 Core/Src/stm32f4xx_it.o
 .debug_info    0x000000000000394b      0x985 Core/Src/sysmem.o
 .debug_info    0x00000000000042d0      0x57e Core/Src/system_stm32f4xx.o
 .debug_info    0x000000000000484e       0x22 Core/Startup/startup_stm32f411vetx.o
 .debug_info    0x0000000000004870      0x8d5 Drivers/STM32F4xx_HAL_Driver/Src/stm32f4xx_hal.o
 .debug_info    0x0000000000005145      0xd98 Drivers/STM32F4xx_HAL_Driver/Src/stm32f4xx_hal_cortex.o
 .debug_info    0x0000000000005edd      0x7d7 Drivers/STM32F4xx_HAL_Driver/Src/stm32f4xx_hal_gpio.o
 .debug_info    0x00000000000066b4      0xe5f Drivers/STM32F4xx_HAL_Driver/Src/stm32f4xx_hal_hcd.o
 .debug_info    0x0000000000007513     0x242b Drivers/STM32F4xx_HAL_Driver/Src/stm32f4xx_hal_i2c.o
 .debug_info    0x000000000000993e      0xe56 Drivers/STM32F4xx_HAL_Driver/Src/stm32f4xx_hal_i2s.o
 .debug_info    0x000000000000a794      0xb6e Drivers/STM32F4xx_HAL_Driver/Src/stm32f4xx_hal_i2s_ex.o
 .debug_info    0x000000000000b302      0x92a Drivers/STM32F4xx_HAL_Driver/Src/stm32f4xx_hal_rcc.o
 .debug_info    0x000000000000bc2c      0x618 Drivers/STM32F4xx_HAL_Driver/Src/stm32f4xx_hal_rcc_ex.o
 .debug_info    0x000000000000c244     0x1632 Drivers/STM32F4xx_HAL_Driver/Src/stm32f4xx_hal_spi.o
 .debug_info    0x000000000000d876     0x24a1 Drivers/STM32F4xx_HAL_Driver/Src/stm32f4xx_hal_tim.o
 .debug_info    0x000000000000fd17     0x114f Drivers/STM32F4xx_HAL_Driver/Src/stm32f4xx_hal_tim_ex.o
 .debug_info    0x0000000000010e66     0x18dd Drivers/STM32F4xx_HAL_Driver/Src/stm32f4xx_ll_usb.o
 .debug_info    0x0000000000012743     0x1ad3 Middlewares/ST/STM32_USB_Host_Library/Class/CDC/Src/usbh_cdc.o
 .debug_info    0x0000000000014216     0x16b2 Middlewares/ST/STM32_USB_Host_Library/Core/Src/usbh_core.o
 .debug_info    0x00000000000158c8     0x1772 Middlewares/ST/STM32_USB_Host_Library/Core/Src/usbh_ctlreq.o
 .debug_info    0x000000000001703a     0x14df Middlewares/ST/STM32_USB_Host_Library/Core/Src/usbh_ioreq.o
 .debug_info    0x0000000000018519     0x1321 Middlewares/ST/STM32_USB_Host_Library/Core/Src/usbh_pipes.o
 .debug_info    0x000000000001983a     0x1275 USB_HOST/App/usb_host.o
 .debug_info    0x000000000001aaaf     0x219a USB_HOST/Target/usbh_conf.o
 .debug_info    0x000000000001cc49      0x27a USB_HOST/Target/usbh_platform.o

.debug_abbrev   0x0000000000000000     0x3b91
 .debug_abbrev  0x0000000000000000      0x319 Core/Src/main.o
 .debug_abbrev  0x0000000000000319      0x1de Core/Src/stm32f4xx_hal_msp.o
 .debug_abbrev  0x00000000000004f7      0x1a1 Core/Src/stm32f4xx_it.o
 .debug_abbrev  0x0000000000000698      0x19b Core/Src/sysmem.o
 .debug_abbrev  0x0000000000000833      0x12b Core/Src/system_stm32f4xx.o
 .debug_abbrev  0x000000000000095e       0x12 Core/Startup/startup_stm32f411vetx.o
 .debug_abbrev  0x0000000000000970      0x1f2 Drivers/STM32F4xx_HAL_Driver/Src/stm32f4xx_hal.o
 .debug_abbrev  0x0000000000000b62      0x2fa Drivers/STM32F4xx_HAL_Driver/Src/stm32f4xx_hal_cortex.o
 .debug_abbrev  0x0000000000000e5c      0x1c9 Drivers/STM32F4xx_HAL_Driver/Src/stm32f4xx_hal_gpio.o
 .debug_abbrev  0x0000000000001025      0x255 Drivers/STM32F4xx_HAL_Driver/Src/stm32f4xx_hal_hcd.o
 .debug_abbrev  0x000000000000127a      0x263 Drivers/STM32F4xx_HAL_Driver/Src/stm32f4xx_hal_i2c.o
 .debug_abbrev  0x00000000000014dd      0x22a Drivers/STM32F4xx_HAL_Driver/Src/stm32f4xx_hal_i2s.o
 .debug_abbrev  0x0000000000001707      0x255 Drivers/STM32F4xx_HAL_Driver/Src/stm32f4xx_hal_i2s_ex.o
 .debug_abbrev  0x000000000000195c      0x245 Drivers/STM32F4xx_HAL_Driver/Src/stm32f4xx_hal_rcc.o
 .debug_abbrev  0x0000000000001ba1      0x173 Drivers/STM32F4xx_HAL_Driver/Src/stm32f4xx_hal_rcc_ex.o
 .debug_abbrev  0x0000000000001d14      0x240 Drivers/STM32F4xx_HAL_Driver/Src/stm32f4xx_hal_spi.o
 .debug_abbrev  0x0000000000001f54      0x23f Drivers/STM32F4xx_HAL_Driver/Src/stm32f4xx_hal_tim.o
 .debug_abbrev  0x0000000000002193      0x22d Drivers/STM32F4xx_HAL_Driver/Src/stm32f4xx_hal_tim_ex.o
 .debug_abbrev  0x00000000000023c0      0x26d Drivers/STM32F4xx_HAL_Driver/Src/stm32f4xx_ll_usb.o
 .debug_abbrev  0x000000000000262d      0x308 Middlewares/ST/STM32_USB_Host_Library/Class/CDC/Src/usbh_cdc.o
 .debug_abbrev  0x0000000000002935      0x362 Middlewares/ST/STM32_USB_Host_Library/Core/Src/usbh_core.o
 .debug_abbrev  0x0000000000002c97      0x31b Middlewares/ST/STM32_USB_Host_Library/Core/Src/usbh_ctlreq.o
 .debug_abbrev  0x0000000000002fb2      0x279 Middlewares/ST/STM32_USB_Host_Library/Core/Src/usbh_ioreq.o
 .debug_abbrev  0x000000000000322b      0x2b1 Middlewares/ST/STM32_USB_Host_Library/Core/Src/usbh_pipes.o
 .debug_abbrev  0x00000000000034dc      0x268 USB_HOST/App/usb_host.o
 .debug_abbrev  0x0000000000003744      0x349 USB_HOST/Target/usbh_conf.o
 .debug_abbrev  0x0000000000003a8d      0x104 USB_HOST/Target/usbh_platform.o

.debug_aranges  0x0000000000000000     0x1690
 .debug_aranges
                0x0000000000000000       0xa0 Core/Src/main.o
 .debug_aranges
                0x00000000000000a0       0x78 Core/Src/stm32f4xx_hal_msp.o
 .debug_aranges
                0x0000000000000118       0x78 Core/Src/stm32f4xx_it.o
 .debug_aranges
                0x0000000000000190       0x20 Core/Src/sysmem.o
 .debug_aranges
                0x00000000000001b0       0x28 Core/Src/system_stm32f4xx.o
 .debug_aranges
                0x00000000000001d8       0x28 Core/Startup/startup_stm32f411vetx.o
 .debug_aranges
                0x0000000000000200       0xf0 Drivers/STM32F4xx_HAL_Driver/Src/stm32f4xx_hal.o
 .debug_aranges
                0x00000000000002f0      0x118 Drivers/STM32F4xx_HAL_Driver/Src/stm32f4xx_hal_cortex.o
 .debug_aranges
                0x0000000000000408       0x58 Drivers/STM32F4xx_HAL_Driver/Src/stm32f4xx_hal_gpio.o
 .debug_aranges
                0x0000000000000460       0xf8 Drivers/STM32F4xx_HAL_Driver/Src/stm32f4xx_hal_hcd.o
 .debug_aranges
                0x0000000000000558      0x2a0 Drivers/STM32F4xx_HAL_Driver/Src/stm32f4xx_hal_i2c.o
 .debug_aranges
                0x00000000000007f8      0x108 Drivers/STM32F4xx_HAL_Driver/Src/stm32f4xx_hal_i2s.o
 .debug_aranges
                0x0000000000000900       0x88 Drivers/STM32F4xx_HAL_Driver/Src/stm32f4xx_hal_i2s_ex.o
 .debug_aranges
                0x0000000000000988       0x88 Drivers/STM32F4xx_HAL_Driver/Src/stm32f4xx_hal_rcc.o
 .debug_aranges
                0x0000000000000a10       0x50 Drivers/STM32F4xx_HAL_Driver/Src/stm32f4xx_hal_rcc_ex.o
 .debug_aranges
                0x0000000000000a60      0x1d0 Drivers/STM32F4xx_HAL_Driver/Src/stm32f4xx_hal_spi.o
 .debug_aranges
                0x0000000000000c30      0x3a8 Drivers/STM32F4xx_HAL_Driver/Src/stm32f4xx_hal_tim.o
 .debug_aranges
                0x0000000000000fd8      0x150 Drivers/STM32F4xx_HAL_Driver/Src/stm32f4xx_hal_tim_ex.o
 .debug_aranges
                0x0000000000001128      0x198 Drivers/STM32F4xx_HAL_Driver/Src/stm32f4xx_ll_usb.o
 .debug_aranges
                0x00000000000012c0       0xa8 Middlewares/ST/STM32_USB_Host_Library/Class/CDC/Src/usbh_cdc.o
 .debug_aranges
                0x0000000000001368       0xc0 Middlewares/ST/STM32_USB_Host_Library/Core/Src/usbh_core.o
 .debug_aranges
                0x0000000000001428       0xa0 Middlewares/ST/STM32_USB_Host_Library/Core/Src/usbh_ctlreq.o
 .debug_aranges
                0x00000000000014c8       0x60 Middlewares/ST/STM32_USB_Host_Library/Core/Src/usbh_ioreq.o
 .debug_aranges
                0x0000000000001528       0x40 Middlewares/ST/STM32_USB_Host_Library/Core/Src/usbh_pipes.o
 .debug_aranges
                0x0000000000001568       0x30 USB_HOST/App/usb_host.o
 .debug_aranges
                0x0000000000001598       0xd8 USB_HOST/Target/usbh_conf.o
 .debug_aranges
                0x0000000000001670       0x20 USB_HOST/Target/usbh_platform.o

.debug_ranges   0x0000000000000000     0x1510
 .debug_ranges  0x0000000000000000       0x90 Core/Src/main.o
 .debug_ranges  0x0000000000000090       0x68 Core/Src/stm32f4xx_hal_msp.o
 .debug_ranges  0x00000000000000f8       0x68 Core/Src/stm32f4xx_it.o
 .debug_ranges  0x0000000000000160       0x10 Core/Src/sysmem.o
 .debug_ranges  0x0000000000000170       0x18 Core/Src/system_stm32f4xx.o
 .debug_ranges  0x0000000000000188       0x20 Core/Startup/startup_stm32f411vetx.o
 .debug_ranges  0x00000000000001a8       0xe0 Drivers/STM32F4xx_HAL_Driver/Src/stm32f4xx_hal.o
 .debug_ranges  0x0000000000000288      0x108 Drivers/STM32F4xx_HAL_Driver/Src/stm32f4xx_hal_cortex.o
 .debug_ranges  0x0000000000000390       0x48 Drivers/STM32F4xx_HAL_Driver/Src/stm32f4xx_hal_gpio.o
 .debug_ranges  0x00000000000003d8       0xe8 Drivers/STM32F4xx_HAL_Driver/Src/stm32f4xx_hal_hcd.o
 .debug_ranges  0x00000000000004c0      0x2b8 Drivers/STM32F4xx_HAL_Driver/Src/stm32f4xx_hal_i2c.o
 .debug_ranges  0x0000000000000778       0xf8 Drivers/STM32F4xx_HAL_Driver/Src/stm32f4xx_hal_i2s.o
 .debug_ranges  0x0000000000000870       0x78 Drivers/STM32F4xx_HAL_Driver/Src/stm32f4xx_hal_i2s_ex.o
 .debug_ranges  0x00000000000008e8       0x78 Drivers/STM32F4xx_HAL_Driver/Src/stm32f4xx_hal_rcc.o
 .debug_ranges  0x0000000000000960       0x40 Drivers/STM32F4xx_HAL_Driver/Src/stm32f4xx_hal_rcc_ex.o
 .debug_ranges  0x00000000000009a0      0x1c0 Drivers/STM32F4xx_HAL_Driver/Src/stm32f4xx_hal_spi.o
 .debug_ranges  0x0000000000000b60      0x398 Drivers/STM32F4xx_HAL_Driver/Src/stm32f4xx_hal_tim.o
 .debug_ranges  0x0000000000000ef8      0x140 Drivers/STM32F4xx_HAL_Driver/Src/stm32f4xx_hal_tim_ex.o
 .debug_ranges  0x0000000000001038      0x188 Drivers/STM32F4xx_HAL_Driver/Src/stm32f4xx_ll_usb.o
 .debug_ranges  0x00000000000011c0       0x98 Middlewares/ST/STM32_USB_Host_Library/Class/CDC/Src/usbh_cdc.o
 .debug_ranges  0x0000000000001258       0xb0 Middlewares/ST/STM32_USB_Host_Library/Core/Src/usbh_core.o
 .debug_ranges  0x0000000000001308       0x90 Middlewares/ST/STM32_USB_Host_Library/Core/Src/usbh_ctlreq.o
 .debug_ranges  0x0000000000001398       0x50 Middlewares/ST/STM32_USB_Host_Library/Core/Src/usbh_ioreq.o
 .debug_ranges  0x00000000000013e8       0x30 Middlewares/ST/STM32_USB_Host_Library/Core/Src/usbh_pipes.o
 .debug_ranges  0x0000000000001418       0x20 USB_HOST/App/usb_host.o
 .debug_ranges  0x0000000000001438       0xc8 USB_HOST/Target/usbh_conf.o
 .debug_ranges  0x0000000000001500       0x10 USB_HOST/Target/usbh_platform.o

.debug_macro    0x0000000000000000    0x19dd4
 .debug_macro   0x0000000000000000      0x238 Core/Src/main.o
 .debug_macro   0x0000000000000238      0xa5a Core/Src/main.o
 .debug_macro   0x0000000000000c92      0x2a6 Core/Src/main.o
 .debug_macro   0x0000000000000f38       0x2e Core/Src/main.o
 .debug_macro   0x0000000000000f66       0x28 Core/Src/main.o
 .debug_macro   0x0000000000000f8e       0x22 Core/Src/main.o
 .debug_macro   0x0000000000000fb0       0x8e Core/Src/main.o
 .debug_macro   0x000000000000103e       0x51 Core/Src/main.o
 .debug_macro   0x000000000000108f       0xef Core/Src/main.o
 .debug_macro   0x000000000000117e       0x6a Core/Src/main.o
 .debug_macro   0x00000000000011e8      0x1df Core/Src/main.o
 .debug_macro   0x00000000000013c7       0x1c Core/Src/main.o
 .debug_macro   0x00000000000013e3       0x22 Core/Src/main.o
 .debug_macro   0x0000000000001405       0xdf Core/Src/main.o
 .debug_macro   0x00000000000014e4     0x102d Core/Src/main.o
 .debug_macro   0x0000000000002511      0x11f Core/Src/main.o
 .debug_macro   0x0000000000002630     0xb937 Core/Src/main.o
 .debug_macro   0x000000000000df67       0x43 Core/Src/main.o
 .debug_macro   0x000000000000dfaa     0x3659 Core/Src/main.o
 .debug_macro   0x0000000000011603      0x174 Core/Src/main.o
 .debug_macro   0x0000000000011777       0x5a Core/Src/main.o
 .debug_macro   0x00000000000117d1      0x447 Core/Src/main.o
 .debug_macro   0x0000000000011c18      0x9fe Core/Src/main.o
 .debug_macro   0x0000000000012616      0x117 Core/Src/main.o
 .debug_macro   0x000000000001272d      0x11b Core/Src/main.o
 .debug_macro   0x0000000000012848       0x27 Core/Src/main.o
 .debug_macro   0x000000000001286f      0x15f Core/Src/main.o
 .debug_macro   0x00000000000129ce      0x287 Core/Src/main.o
 .debug_macro   0x0000000000012c55       0x5f Core/Src/main.o
 .debug_macro   0x0000000000012cb4      0x236 Core/Src/main.o
 .debug_macro   0x0000000000012eea      0x132 Core/Src/main.o
 .debug_macro   0x000000000001301c      0x264 Core/Src/main.o
 .debug_macro   0x0000000000013280       0x2e Core/Src/main.o
 .debug_macro   0x00000000000132ae      0x1b5 Core/Src/main.o
 .debug_macro   0x0000000000013463       0x22 Core/Src/main.o
 .debug_macro   0x0000000000013485       0xd6 Core/Src/main.o
 .debug_macro   0x000000000001355b      0x1a7 Core/Src/main.o
 .debug_macro   0x0000000000013702       0x46 Core/Src/main.o
 .debug_macro   0x0000000000013748       0x4a Core/Src/main.o
 .debug_macro   0x0000000000013792      0x11a Core/Src/main.o
 .debug_macro   0x00000000000138ac       0x85 Core/Src/main.o
 .debug_macro   0x0000000000013931       0x89 Core/Src/main.o
 .debug_macro   0x00000000000139ba      0x225 Core/Src/main.o
 .debug_macro   0x0000000000013bdf      0x8a0 Core/Src/main.o
 .debug_macro   0x000000000001447f       0x47 Core/Src/main.o
 .debug_macro   0x00000000000144c6      0x21e Core/Src/main.o
 .debug_macro   0x00000000000146e4       0x68 Core/Src/main.o
 .debug_macro   0x000000000001474c      0x126 Core/Src/main.o
 .debug_macro   0x0000000000014872      0x19f Core/Src/main.o
 .debug_macro   0x0000000000014a11      0x228 Core/Src/stm32f4xx_hal_msp.o
 .debug_macro   0x0000000000014c39      0x232 Core/Src/stm32f4xx_it.o
 .debug_macro   0x0000000000014e6b       0xee Core/Src/sysmem.o
 .debug_macro   0x0000000000014f59      0x23b Core/Src/sysmem.o
 .debug_macro   0x0000000000015194      0x21f Core/Src/system_stm32f4xx.o
 .debug_macro   0x00000000000153b3      0x279 Drivers/STM32F4xx_HAL_Driver/Src/stm32f4xx_hal.o
 .debug_macro   0x000000000001562c      0x219 Drivers/STM32F4xx_HAL_Driver/Src/stm32f4xx_hal_cortex.o
 .debug_macro   0x0000000000015845      0x24f Drivers/STM32F4xx_HAL_Driver/Src/stm32f4xx_hal_gpio.o
 .debug_macro   0x0000000000015a94      0x219 Drivers/STM32F4xx_HAL_Driver/Src/stm32f4xx_hal_hcd.o
 .debug_macro   0x0000000000015cad      0x260 Drivers/STM32F4xx_HAL_Driver/Src/stm32f4xx_hal_i2c.o
 .debug_macro   0x0000000000015f0d      0x221 Drivers/STM32F4xx_HAL_Driver/Src/stm32f4xx_hal_i2s.o
 .debug_macro   0x000000000001612e      0x219 Drivers/STM32F4xx_HAL_Driver/Src/stm32f4xx_hal_i2s_ex.o
 .debug_macro   0x0000000000016347      0x23d Drivers/STM32F4xx_HAL_Driver/Src/stm32f4xx_hal_rcc.o
 .debug_macro   0x0000000000016584      0x219 Drivers/STM32F4xx_HAL_Driver/Src/stm32f4xx_hal_rcc_ex.o
 .debug_macro   0x000000000001679d      0x228 Drivers/STM32F4xx_HAL_Driver/Src/stm32f4xx_hal_spi.o
 .debug_macro   0x00000000000169c5      0x21a Drivers/STM32F4xx_HAL_Driver/Src/stm32f4xx_hal_tim.o
 .debug_macro   0x0000000000016bdf      0x219 Drivers/STM32F4xx_HAL_Driver/Src/stm32f4xx_hal_tim_ex.o
 .debug_macro   0x0000000000016df8      0x219 Drivers/STM32F4xx_HAL_Driver/Src/stm32f4xx_ll_usb.o
 .debug_macro   0x0000000000017011      0x43e Middlewares/ST/STM32_USB_Host_Library/Class/CDC/Src/usbh_cdc.o
 .debug_macro   0x000000000001744f       0x16 Middlewares/ST/STM32_USB_Host_Library/Class/CDC/Src/usbh_cdc.o
 .debug_macro   0x0000000000017465       0x97 Middlewares/ST/STM32_USB_Host_Library/Class/CDC/Src/usbh_cdc.o
 .debug_macro   0x00000000000174fc       0xfd Middlewares/ST/STM32_USB_Host_Library/Class/CDC/Src/usbh_cdc.o
 .debug_macro   0x00000000000175f9       0x16 Middlewares/ST/STM32_USB_Host_Library/Class/CDC/Src/usbh_cdc.o
 .debug_macro   0x000000000001760f       0x20 Middlewares/ST/STM32_USB_Host_Library/Class/CDC/Src/usbh_cdc.o
 .debug_macro   0x000000000001762f       0xd9 Middlewares/ST/STM32_USB_Host_Library/Class/CDC/Src/usbh_cdc.o
 .debug_macro   0x0000000000017708       0x54 Middlewares/ST/STM32_USB_Host_Library/Class/CDC/Src/usbh_cdc.o
 .debug_macro   0x000000000001775c       0x73 Middlewares/ST/STM32_USB_Host_Library/Class/CDC/Src/usbh_cdc.o
 .debug_macro   0x00000000000177cf      0x218 Middlewares/ST/STM32_USB_Host_Library/Class/CDC/Src/usbh_cdc.o
 .debug_macro   0x00000000000179e7       0x2e Middlewares/ST/STM32_USB_Host_Library/Class/CDC/Src/usbh_cdc.o
 .debug_macro   0x0000000000017a15       0x2e Middlewares/ST/STM32_USB_Host_Library/Class/CDC/Src/usbh_cdc.o
 .debug_macro   0x0000000000017a43       0x28 Middlewares/ST/STM32_USB_Host_Library/Class/CDC/Src/usbh_cdc.o
 .debug_macro   0x0000000000017a6b      0x15c Middlewares/ST/STM32_USB_Host_Library/Class/CDC/Src/usbh_cdc.o
 .debug_macro   0x0000000000017bc7      0x43b Middlewares/ST/STM32_USB_Host_Library/Core/Src/usbh_core.o
 .debug_macro   0x0000000000018002      0x433 Middlewares/ST/STM32_USB_Host_Library/Core/Src/usbh_ctlreq.o
 .debug_macro   0x0000000000018435       0x28 Middlewares/ST/STM32_USB_Host_Library/Core/Src/usbh_ctlreq.o
 .debug_macro   0x000000000001845d      0x42d Middlewares/ST/STM32_USB_Host_Library/Core/Src/usbh_ioreq.o
 .debug_macro   0x000000000001888a      0x42d Middlewares/ST/STM32_USB_Host_Library/Core/Src/usbh_pipes.o
 .debug_macro   0x0000000000018cb7      0x43c USB_HOST/App/usb_host.o
 .debug_macro   0x00000000000190f3       0x46 USB_HOST/App/usb_host.o
 .debug_macro   0x0000000000019139      0x32a USB_HOST/App/usb_host.o
 .debug_macro   0x0000000000019463      0x1a5 USB_HOST/App/usb_host.o
 .debug_macro   0x0000000000019608      0x162 USB_HOST/App/usb_host.o
 .debug_macro   0x000000000001976a      0x43d USB_HOST/Target/usbh_conf.o
 .debug_macro   0x0000000000019ba7      0x22d USB_HOST/Target/usbh_platform.o

.debug_line     0x0000000000000000    0x13c59
 .debug_line    0x0000000000000000      0x9c5 Core/Src/main.o
 .debug_line    0x00000000000009c5      0x889 Core/Src/stm32f4xx_hal_msp.o
 .debug_line    0x000000000000124e      0x835 Core/Src/stm32f4xx_it.o
 .debug_line    0x0000000000001a83      0x4d1 Core/Src/sysmem.o
 .debug_line    0x0000000000001f54      0x772 Core/Src/system_stm32f4xx.o
 .debug_line    0x00000000000026c6       0x85 Core/Startup/startup_stm32f411vetx.o
 .debug_line    0x000000000000274b      0x95c Drivers/STM32F4xx_HAL_Driver/Src/stm32f4xx_hal.o
 .debug_line    0x00000000000030a7      0xa80 Drivers/STM32F4xx_HAL_Driver/Src/stm32f4xx_hal_cortex.o
 .debug_line    0x0000000000003b27      0x8ff Drivers/STM32F4xx_HAL_Driver/Src/stm32f4xx_hal_gpio.o
 .debug_line    0x0000000000004426      0xbf7 Drivers/STM32F4xx_HAL_Driver/Src/stm32f4xx_hal_hcd.o
 .debug_line    0x000000000000501d     0x1c0a Drivers/STM32F4xx_HAL_Driver/Src/stm32f4xx_hal_i2c.o
 .debug_line    0x0000000000006c27      0xdf8 Drivers/STM32F4xx_HAL_Driver/Src/stm32f4xx_hal_i2s.o
 .debug_line    0x0000000000007a1f      0xf26 Drivers/STM32F4xx_HAL_Driver/Src/stm32f4xx_hal_i2s_ex.o
 .debug_line    0x0000000000008945      0x9b4 Drivers/STM32F4xx_HAL_Driver/Src/stm32f4xx_hal_rcc.o
 .debug_line    0x00000000000092f9      0x899 Drivers/STM32F4xx_HAL_Driver/Src/stm32f4xx_hal_rcc_ex.o
 .debug_line    0x0000000000009b92     0x1118 Drivers/STM32F4xx_HAL_Driver/Src/stm32f4xx_hal_spi.o
 .debug_line    0x000000000000acaa     0x1819 Drivers/STM32F4xx_HAL_Driver/Src/stm32f4xx_hal_tim.o
 .debug_line    0x000000000000c4c3      0xd67 Drivers/STM32F4xx_HAL_Driver/Src/stm32f4xx_hal_tim_ex.o
 .debug_line    0x000000000000d22a      0xe87 Drivers/STM32F4xx_HAL_Driver/Src/stm32f4xx_ll_usb.o
 .debug_line    0x000000000000e0b1      0xcd3 Middlewares/ST/STM32_USB_Host_Library/Class/CDC/Src/usbh_cdc.o
 .debug_line    0x000000000000ed84      0xdfe Middlewares/ST/STM32_USB_Host_Library/Core/Src/usbh_core.o
 .debug_line    0x000000000000fb82      0xce5 Middlewares/ST/STM32_USB_Host_Library/Core/Src/usbh_ctlreq.o
 .debug_line    0x0000000000010867      0xaeb Middlewares/ST/STM32_USB_Host_Library/Core/Src/usbh_ioreq.o
 .debug_line    0x0000000000011352      0xaa3 Middlewares/ST/STM32_USB_Host_Library/Core/Src/usbh_pipes.o
 .debug_line    0x0000000000011df5      0xaa4 USB_HOST/App/usb_host.o
 .debug_line    0x0000000000012899      0xc3d USB_HOST/Target/usbh_conf.o
 .debug_line    0x00000000000134d6      0x783 USB_HOST/Target/usbh_platform.o

.debug_str      0x0000000000000000    0x95bba
 .debug_str     0x0000000000000000    0x89f0e Core/Src/main.o
                                      0x8a2d1 (size before relaxing)
 .debug_str     0x0000000000089f0e      0x4aa Core/Src/stm32f4xx_hal_msp.o
                                      0x8a2cf (size before relaxing)
 .debug_str     0x000000000008a3b8      0x466 Core/Src/stm32f4xx_it.o
                                      0x89bb7 (size before relaxing)
 .debug_str     0x000000000008a81e     0x1fbb Core/Src/sysmem.o
                                       0x5f43 (size before relaxing)
 .debug_str     0x000000000008c7d9       0xc4 Core/Src/system_stm32f4xx.o
                                      0x88df4 (size before relaxing)
 .debug_str     0x000000000008c89d       0x36 Core/Startup/startup_stm32f411vetx.o
                                         0x50 (size before relaxing)
 .debug_str     0x000000000008c8d3      0x58d Drivers/STM32F4xx_HAL_Driver/Src/stm32f4xx_hal.o
                                      0x89769 (size before relaxing)
 .debug_str     0x000000000008ce60      0x392 Drivers/STM32F4xx_HAL_Driver/Src/stm32f4xx_hal_cortex.o
                                      0x89546 (size before relaxing)
 .debug_str     0x000000000008d1f2      0x20c Drivers/STM32F4xx_HAL_Driver/Src/stm32f4xx_hal_gpio.o
                                      0x89033 (size before relaxing)
 .debug_str     0x000000000008d3fe      0x3da Drivers/STM32F4xx_HAL_Driver/Src/stm32f4xx_hal_hcd.o
                                      0x89454 (size before relaxing)
 .debug_str     0x000000000008d7d8      0xaa1 Drivers/STM32F4xx_HAL_Driver/Src/stm32f4xx_hal_i2c.o
                                      0x89d54 (size before relaxing)