core_cm4.h:2064:26:ITM_SendChar	16	static,ignoring_inline_asm
main.c:80:5:_write	32	static
main.c:92:6:HAL_TIM_PeriodElapsedCallback	16	static
main.c:101:6:TIM10_reinit	8	static
main.c:110:10:get_tim10_us	16	static
main.c:120:6:udelay_TIM10	24	static
main.c:125:10:get_light	48	static
main.c:135:5:main	48	static
main.c:213:6:SystemClock_Config	112	static
main.c:266:13:MX_I2C1_Init	8	static
main.c:300:13:MX_I2S2_Init	8	static
main.c:334:13:MX_I2S3_Init	8	static
main.c:368:13:MX_SPI1_Init	8	static
main.c:406:13:MX_TIM3_Init	48	static
main.c:455:13:MX_TIM10_Init	40	static
main.c:501:13:MX_GPIO_Init	56	static
main.c:580:6:Error_Handler	4	static,ignoring_inline_asm
